[student@workstation ~]$ ls
Desktop  Documents  Downloads  Music  Pictures  Public  Templates  Videos
[student@workstation ~]$ lab-configure 

This script configures the connection parameters to access the OpenShift cluster for your lab scripts

 · Enter the Master API URL: https://api.ocp-na2.prod.nextcle.com:6443
 · Enter the Cluster ID: uuid-value57c48a8d-c97b-433f-86f2-c6c80c516bed
 · Enter the Wildcard Domain: apps.ocp-na2.prod.nextcle.com
 · Enter the Developer User name: sila-kissuu-us
 · Enter the Developer User Password: ce9b7683c1a94deea390
 · Enter the GitHub Account Name: kasovoni
 · Enter the Quay.io Account Name: kasovoni

You entered:
 · Master API URL:			https://api.ocp-na2.prod.nextcle.com:6443
 · Cluster ID:				uuid-value57c48a8d-c97b-433f-86f2-c6c80c516bed
 · Wildcard Domain:			apps.ocp-na2.prod.nextcle.com
 · Nexus Server Host:			nexus-common.apps.ocp-na2.prod.nextcle.com
 · Developer User Name:			sila-kissuu-us
 · Developer User Password:		ce9b7683c1a94deea390
 · GitHub Account Name:			kasovoni
 · Quay.io Account Name:		kasovoni

Verifying your Master API URL...

Verifying your Nexus host...

Verifying your OpenShift developer user credentials...

Verifying your GitHub account name...

Verifying your Quay.io account name...

Verifying your cluster configuration...

ERROR:
OpenShift reports a different cluster ID: 57c48a8d-c97b-433f-86f2-c6c80c516bed.
No changes made to your lab configuration.
[student@workstation ~]$ lab-configure 

This script configures the connection parameters to access the OpenShift cluster for your lab scripts

 · Enter the Master API URL: https://api.ocp-na2.prod.nextcle.com:6443
 · Enter the Cluster ID: 57c48a8d-c97b-433f-86f2-c6c80c516bed
 · Enter the Wildcard Domain: apps.ocp-na2.prod.nextcle.com
 · Enter the Developer User name: sila-kissuu-us
 · Enter the Developer User Password: ce9b7683c1a94deea390
 · Enter the GitHub Account Name: kasovoni
 · Enter the Quay.io Account Name: kasovoni

You entered:
 · Master API URL:			https://api.ocp-na2.prod.nextcle.com:6443
 · Cluster ID:				57c48a8d-c97b-433f-86f2-c6c80c516bed
 · Wildcard Domain:			apps.ocp-na2.prod.nextcle.com
 · Nexus Server Host:			nexus-common.apps.ocp-na2.prod.nextcle.com
 · Developer User Name:			sila-kissuu-us
 · Developer User Password:		ce9b7683c1a94deea390
 · GitHub Account Name:			kasovoni
 · Quay.io Account Name:		kasovoni

Verifying your Master API URL...

Verifying your Nexus host...

Verifying your OpenShift developer user credentials...

Verifying your GitHub account name...

Verifying your Quay.io account name...

Verifying your cluster configuration...

Saving your lab configuration file...

All fine, lab config saved. You can now proceed with your exercises.

[student@workstation ~]$ git clone https://github.com/kasovoni/DO180-apps
Cloning into 'DO180-apps'...
remote: Enumerating objects: 82, done.
remote: Total 82 (delta 0), reused 0 (delta 0), pack-reused 82
Unpacking objects: 100% (82/82), done.
[student@workstation ~]$ ls
Desktop  DO180-apps  Documents  Downloads  Music  Pictures  Public  Templates  Videos
[student@workstation ~]$ lab container-create start

Setting up workstation for the Guided Exercise: Creating a MySQL database instance

 · Checking podman configuration...............................  SUCCESS
 · Creating create_table.txt file..............................  SUCCESS
[student@workstation ~]$ sudo podman run --name mysql-basic \
> > -e MYSQL_USER=user1 -e MYSQL_PASSWORD=mypa55 \
> > -e MYSQL_DATABASE=items -e MYSQL_ROOT_PASSWORD=r00tpa55 \
> > -d rhscl/mysql-57-rhel7:5.7-3.14
unable to pull MYSQL_USER=user1: error getting default registries to try: invalid reference format
[student@workstation ~]$ sudo podman run --name mysql-basic  -e MYSQL_USER=user1 -e MYSQL_PASSWORD=mypa55  -e MYSQL_DATABASE=items -e MYSQL_ROOT_PASSWORD=r00tpa55  -d rhscl/mysql-57-rhel7:5.7-3.14
Trying to pull registry.access.redhat.com/rhscl/mysql-57-rhel7:5.7-3.14...Getting image source signatures
Copying blob sha256:e373541ccf6aa55febe7a8f65456b053fd26adc0dfcb3768f3e6230aa2fd0b82
 69.66 MB / ? [--------------=---------------------------------------------] 4s 
Copying blob sha256:c5d2e94811694c4e9b36a48eaee66177ee553fb9867df40bfd0fe66480881020
 1.20 KB / ? [--------=----------------------------------------------------] 0s 
Copying blob sha256:b3949aed10ebf6900d1ae4799f4cbe0be71a71e414a3bd5b2ecc99f12b2c3561
 62.03 MB / ? [--=---------------------------------------------------------] 6s 
Writing manifest to image destination
Storing signatures
3bad7f31027cc42ad5cc6b7bcb6c8b8e2df9a5bdb75fffc6920f6341fc8bf648
[student@workstation ~]$ sudo podman ps --format "{{.ID}} {{.Image}} {{.Names}}"
3bad7f31027c   registry.access.redhat.com/rhscl/mysql-57-rhel7:5.7-3.14   mysql-basic
[student@workstation ~]$ sudo podman exec -it mysql-basic /bin/bash
bash-4.2$ mysql -uroot
Welcome to the MySQL monitor.  Commands end with ; or \g.
Your MySQL connection id is 2
Server version: 5.7.16 MySQL Community Server (GPL)

Copyright (c) 2000, 2016, Oracle and/or its affiliates. All rights reserved.

Oracle is a registered trademark of Oracle Corporation and/or its
affiliates. Other names may be trademarks of their respective
owners.

Type 'help;' or '\h' for help. Type '\c' to clear the current input statement.

mysql> show databases;
+--------------------+
| Database           |
+--------------------+
| information_schema |
| items              |
| mysql              |
| performance_schema |
| sys                |
+--------------------+
5 rows in set (0.00 sec)

mysql> use items;
Database changed
mysql> CREATE TABLE Projects (id int(11) NOT NULL,name varchar(255) DEFAULT NULL,code varchar(255) DEFAULT NULL,PRIMARY KEY (id));
Query OK, 0 rows affected (0.03 sec)

mysql> show tables;
+-----------------+
| Tables_in_items |
+-----------------+
| Projects        |
+-----------------+
1 row in set (0.00 sec)

mysql> insert into Projects (id, name, code) values (1,'DevOps','DO180');
Query OK, 1 row affected (0.01 sec)

mysql> select * from projects;
ERROR 1146 (42S02): Table 'items.projects' doesn't exist
mysql> select * from Projects
    -> ;
+----+--------+-------+
| id | name   | code  |
+----+--------+-------+
|  1 | DevOps | DO180 |
+----+--------+-------+
1 row in set (0.00 sec)

mysql> exit
Bye
bash-4.2$ lac container-create finish
bash: lac: command not found
bash-4.2$ lab container-create finish
bash: lab: command not found
bash-4.2$ exit
exit
exit status 127
[student@workstation ~]$ lab container-create finish 

Completing the Guided Exercise: Creating a MySQL database instance

 · Removing "mysql-basic" container............................  SUCCESS
 · Removing "rhscl/mysql-57-rhel7:5.7-3.14" image..............  SUCCESS
[student@workstation ~]$ lab container-review start

Setting up workstation for the Lab: Creating Containerized Services

 · Checking podman configuration...............................  SUCCESS
 · Setting up labs folder......................................  SUCCESS
 · Downloading starter project.................................  SUCCESS
 · Downloading solution project................................  SUCCESS

Setup successful. Please proceed with the exercise.

[student@workstation ~]$ sudo podman run -d -p 8080:80
image name or ID is required
[student@workstation ~]$ sudo podman run -d -p 8080:80 --name httpd-basic redhattraining/httpd-parent:2.4
Trying to pull registry.access.redhat.com/redhattraining/httpd-parent:2.4...Failed
Trying to pull quay.io/redhattraining/httpd-parent:2.4...Getting image source signatures
Copying blob sha256:787f47dbeaac926cc8c927a48e8a84fc97e05fbd1c08a4c9c4ddcaddfd87e2f7
 67.66 MB / 67.66 MB [======================================================] 3s
Copying blob sha256:6a5240d60dc4e1ade0d103badb2a897e8103ebf0ebe08350cd582bbc9671cc7a
 1.45 KB / 1.45 KB [========================================================] 0s
Copying blob sha256:a3ed95caeb02ffe68cdd9fd84406680ae93d633cb16422d00e8a7c22955b46d4
 32 B / 32 B [==============================================================] 0s
Skipping fetch of repeat blob sha256:a3ed95caeb02ffe68cdd9fd84406680ae93d633cb16422d00e8a7c22955b46d4
Copying blob sha256:08b8c9fdec444ba23c764be2e8c24e1526d664dc72339af2429dc66fbfefe850
 5.76 MB / 5.76 MB [========================================================] 0s
Skipping fetch of repeat blob sha256:a3ed95caeb02ffe68cdd9fd84406680ae93d633cb16422d00e8a7c22955b46d4
Skipping fetch of repeat blob sha256:a3ed95caeb02ffe68cdd9fd84406680ae93d633cb16422d00e8a7c22955b46d4
Copying blob sha256:408208567b9aab11c5265eadd4cbc9c890d73d74ffcdaf3e2309aaef12cd9394
 148 B / 148 B [============================================================] 0s
Skipping fetch of repeat blob sha256:a3ed95caeb02ffe68cdd9fd84406680ae93d633cb16422d00e8a7c22955b46d4
Skipping fetch of repeat blob sha256:a3ed95caeb02ffe68cdd9fd84406680ae93d633cb16422d00e8a7c22955b46d4
Writing manifest to image destination
Storing signatures
1fec3f7437badd2506e12af339a64cc62b14e5bf86848beb6a0eccc770ee379f
[student@workstation ~]$ sudo podman exec -it httpd-basic /bin/bash
bash-4.4# vi /var/www/html/index.html 
bash-4.4# echo "Hello World" > /var/www/html/index.html 
bash-4.4# exit 
exit
[student@workstation ~]$ curl http://localhost:8080
Hello World
[student@workstation ~]$ lab container-review grade

Grading the student's work for the Lab: Creating Containerized Services

 · The httpd container image was pulled........................  PASS
 · The container was started with the correct name.............  PASS
 · The container was started with the correct image............  PASS
 · Check the content of index.html.............................  PASS

[student@workstation ~]$ lab container-review finish 

Completing the Lab: Creating Containerized Services

 · Removing "httpd-basic" container............................  SUCCESS
 · Removing "redhattraining/httpd-parent:2.4" image............  SUCCESS
[student@workstation ~]$ lab manage-lifecycle start

Setting up workstation for the Guided Excercise: Managing a MySQL Container

 · Checking podman configuration...............................  SUCCESS
 · Downloading starter project.................................  SUCCESS
 · Downloading solution project................................  SUCCESS

Setup successful. Please proceed with the exercise.

[student@workstation ~]$ sudo podman run --name mysql-db rhscl/mysql-57-rhel7
Trying to pull registry.access.redhat.com/rhscl/mysql-57-rhel7:latest...Getting image source signatures
Copying blob sha256:1c9f515fc6ab2b7ebfcaffd8af681b68869d78a3b19c69e87c296363ab1bc2fe
 72.70 MB / ? [=-----------------------------------------------------------] 3s 
Copying blob sha256:1d2c4ce43b78cb9a97ede7f19ad1406a43ee50532568bda660193e4a404b424f
 1.54 KB / ? [--------------------------------------=----------------------] 0s 
Copying blob sha256:f1e961fe4c5192ab9f8e241a2efc674779623ac6a3ed49ee9a1a5b3b8425fe0d
 6.85 MB / ? [-----------------------=-------------------------------------] 0s 
Copying blob sha256:9f1840c3b3bd1303763f9abba51fdd1dcce1ed28bfff318dd2af055b78207520
 62.31 MB / ? [-------------------=----------------------------------------] 3s 
Copying config sha256:60726b33a00a2c3be60e25c3270a34a9b147db86602f05a71988a1c92a70cebc
 6.85 KB / 6.85 KB [========================================================] 0s
Writing manifest to image destination
Storing signatures
=> sourcing 20-validate-variables.sh ...
You must either specify the following environment variables:
  MYSQL_USER (regex: '^[a-zA-Z0-9_]+$')
  MYSQL_PASSWORD (regex: '^[a-zA-Z0-9_~!@#$%^&*()-=<>,.?;:|]+$')
  MYSQL_DATABASE (regex: '^[a-zA-Z0-9_]+$')
Or the following environment variable:
  MYSQL_ROOT_PASSWORD (regex: '^[a-zA-Z0-9_~!@#$%^&*()-=<>,.?;:|]+$')
Or both.
Optional Settings:
  MYSQL_LOWER_CASE_TABLE_NAMES (default: 0)
  MYSQL_LOG_QUERIES_ENABLED (default: 0)
  MYSQL_MAX_CONNECTIONS (default: 151)
  MYSQL_FT_MIN_WORD_LEN (default: 4)
  MYSQL_FT_MAX_WORD_LEN (default: 20)
  MYSQL_AIO (default: 1)
  MYSQL_KEY_BUFFER_SIZE (default: 32M or 10% of available memory)
  MYSQL_MAX_ALLOWED_PACKET (default: 200M)
  MYSQL_TABLE_OPEN_CACHE (default: 400)
  MYSQL_SORT_BUFFER_SIZE (default: 256K)
  MYSQL_READ_BUFFER_SIZE (default: 8M or 5% of available memory)
  MYSQL_INNODB_BUFFER_POOL_SIZE (default: 32M or 50% of available memory)
  MYSQL_INNODB_LOG_FILE_SIZE (default: 8M or 15% of available memory)
  MYSQL_INNODB_LOG_BUFFER_SIZE (default: 8M or 15% of available memory)

For more information, see https://github.com/sclorg/mysql-container
[student@workstation ~]$ sudo podman logs mysql-db
=> sourcing 20-validate-variables.sh ...
You must either specify the following environment variables:
  MYSQL_USER (regex: '^[a-zA-Z0-9_]+$')
  MYSQL_PASSWORD (regex: '^[a-zA-Z0-9_~!@#$%^&*()-=<>,.?;:|]+$')
  MYSQL_DATABASE (regex: '^[a-zA-Z0-9_]+$')
Or the following environment variable:
  MYSQL_ROOT_PASSWORD (regex: '^[a-zA-Z0-9_~!@#$%^&*()-=<>,.?;:|]+$')
Or both.
Optional Settings:
  MYSQL_LOWER_CASE_TABLE_NAMES (default: 0)
  MYSQL_LOG_QUERIES_ENABLED (default: 0)
  MYSQL_MAX_CONNECTIONS (default: 151)
  MYSQL_FT_MIN_WORD_LEN (default: 4)
  MYSQL_FT_MAX_WORD_LEN (default: 20)
  MYSQL_AIO (default: 1)
  MYSQL_KEY_BUFFER_SIZE (default: 32M or 10% of available memory)
  MYSQL_MAX_ALLOWED_PACKET (default: 200M)
  MYSQL_TABLE_OPEN_CACHE (default: 400)
  MYSQL_SORT_BUFFER_SIZE (default: 256K)
  MYSQL_READ_BUFFER_SIZE (default: 8M or 5% of available memory)
  MYSQL_INNODB_BUFFER_POOL_SIZE (default: 32M or 50% of available memory)
  MYSQL_INNODB_LOG_FILE_SIZE (default: 8M or 15% of available memory)
  MYSQL_INNODB_LOG_BUFFER_SIZE (default: 8M or 15% of available memory)

For more information, see https://github.com/sclorg/mysql-container
[student@workstation ~]$ sudo podman run --name mysql -d -e MYSQL_USER=user1 -e MYSQL_PASSWORD=mypa55 -e MYSQL_DATABASE=items -e MYSQL_ROOT_PASSWORD=r00tpa55 rhscl/mysql-57-rhel7
b96eebba59135734fc2e85135fb6945e9a82ba907215d0112a0814390420231b
[student@workstation ~]$ sudo podman ps
CONTAINER ID   IMAGE                                                    COMMAND                  CREATED          STATUS              PORTS   NAMES
b96eebba5913   registry.access.redhat.com/rhscl/mysql-57-rhel7:latest   container-entrypoin...   12 seconds ago   Up 12 seconds ago           mysql
[student@workstation ~]$ sudo podman inspect -f '{{.NetworkSettings.IPAddress }}' mysql
10.88.0.5
[student@workstation ~]$ mysql -uuser1 -h 10.88.0.5 -p items
Enter password: 
Welcome to the MariaDB monitor.  Commands end with ; or \g.
Your MySQL connection id is 2
Server version: 5.7.24 MySQL Community Server (GPL)

Copyright (c) 2000, 2018, Oracle, MariaDB Corporation Ab and others.

Type 'help;' or '\h' for help. Type '\c' to clear the current input statement.

MySQL [items]> 
MySQL [items]> create table Projects (id int(11) NOT NULL, name varchar(255) DEFAULT NULL, code varchar(255) DEFAULT NULL, primary key(id));
Query OK, 0 rows affected (0.04 sec)

MySQL [items]> show table Projects
    -> ;
ERROR 1064 (42000): You have an error in your SQL syntax; check the manual that corresponds to your MySQL server version for the right syntax to use near 'Projects' at line 1
MySQL [items]> show tables;
+-----------------+
| Tables_in_items |
+-----------------+
| Projects        |
+-----------------+
1 row in set (0.00 sec)

MySQL [items]> insert into Projects (id,name,code) values (1,'DevOps', 'DO180');
Query OK, 1 row affected (0.01 sec)

MySQL [items]> exit
Bye
[student@workstation ~]$ sudo podman run --name mysql-2 -it rhscl/mysql-57-rhel7 /bin/bash
bash-4.2$ mysql -uroot 
ERROR 2002 (HY000): Can't connect to local MySQL server through socket '/var/lib/mysql/mysql.sock' (2)
bash-4.2$ exit
exit
[student@workstation ~]$ sudo pod
pod2html   pod2man    pod2text   pod2usage  podman     
[student@workstation ~]$ sudo podman ps -a --format="table {{.ID}} {{.Names}} {{.Status}}"
CONTAINER ID   NAMES      STATUS
297f3b143723   mysql-2    Exited (1) 41 seconds ago
b96eebba5913   mysql      Up 6 minutes ago
b9ff33a982e5   mysql-db   Exited (1) 9 minutes ago
[student@workstation ~]$ 
[student@workstation ~]$ 
[student@workstation ~]$ sudo podman exec mysql /bin/bash -c 'mysql -uuser1 -p -e "select * from items.Projects;"'
Enter password: mypa55
id	name	code
1	DevOps	DO180
[student@workstation ~]$ lab manage-lifecycle finish 

Completing the Guided Excercise: Managing a MySQL Container

 · Stopping 'mysql' container..................................  SUCCESS
 · Stopping 'mysql-2' container................................  SUCCESS
 · Removing 'mysql' container..................................  SUCCESS
 · Removing 'mysql-2' container................................  SUCCESS
 · Removing 'mysql-db' container...............................  SUCCESS
 · Removing 'rhscl/mysql-57-rhel7' image.......................  SUCCESS
[student@workstation ~]$ 
[student@workstation ~]$ lab manage-storage start

Setting up workstation for the Guided Exercise: Persisting a MySQL Database

 · Checking podman configuration...............................  SUCCESS
 · Check if the directory used by lab is not created...........  SUCCESS
[student@workstation ~]$ sudo mkdir -pv /var/local/mysql
mkdir: created directory ‘/var/local/mysql’
[student@workstation ~]$ sudo semanage fcontext -a -t container_file_t '/var/local/mysql(/.*)?'
[student@workstation ~]$ sudo restorecon -R /var/local/mysql
[student@workstation ~]$ ls -dZ /var/local/mysql
drwxr-xr-x. root root unconfined_u:object_r:container_file_t:s0 /var/local/mysql
[student@workstation ~]$ sudo chown -Rv 27:27 /var/local/mysql/
changed ownership of ‘/var/local/mysql/’ from root:root to 27:27
[student@workstation ~]$ sudo podman pull rhscl/mysql-57-rhel7
Trying to pull registry.access.redhat.com/rhscl/mysql-57-rhel7:latest...Getting image source signatures
Copying blob sha256:1c9f515fc6ab2b7ebfcaffd8af681b68869d78a3b19c69e87c296363ab1bc2fe
 72.70 MB / ? [=-----------------------------------------------------------] 4s 
Copying blob sha256:1d2c4ce43b78cb9a97ede7f19ad1406a43ee50532568bda660193e4a404b424f
 1.54 KB / ? [--------------------------------------=----------------------] 0s 
Copying blob sha256:f1e961fe4c5192ab9f8e241a2efc674779623ac6a3ed49ee9a1a5b3b8425fe0d
 6.85 MB / ? [-----------------------=-------------------------------------] 0s 
Copying blob sha256:9f1840c3b3bd1303763f9abba51fdd1dcce1ed28bfff318dd2af055b78207520
 62.31 MB / ? [-------------------=----------------------------------------] 3s 
Copying config sha256:60726b33a00a2c3be60e25c3270a34a9b147db86602f05a71988a1c92a70cebc
 6.85 KB / 6.85 KB [========================================================] 0s
Writing manifest to image destination
Storing signatures
60726b33a00a2c3be60e25c3270a34a9b147db86602f05a71988a1c92a70cebc
[student@workstation ~]$ sudo podman run --name persist-db -d -v /var/local/mysql:/var/lib/mysql/data -e MYSQL_USER=user1 -e MYSQL_PASSWORD=mypa55 -e MYSQL_DATABASE=items -e MYSQL_ROOT_PASSWORD=r00tpa55 rhscl/mysql-57-rhel7
07724b2273603aec444788be70cdd73f179a384d4e1e0bffc76bc8ced816dced
[student@workstation ~]$ history|grep Status
   29  sudo podman ps -a --format="table {{.ID}} {{.Names}} {{.Status}}"
   40  history|grep Status
[student@workstation ~]$ !29
sudo podman ps -a --format="table {{.ID}} {{.Names}} {{.Status}}"
CONTAINER ID   NAMES        STATUS
07724b227360   persist-db   Up 18 seconds ago
[student@workstation ~]$ ls -l /var/loc
local/ lock/  
[student@workstation ~]$ ls -l /var/local/mysql/
total 41036
-rw-r-----. 1 27 27        2 Aug  1 15:35 07724b227360.pid
-rw-r-----. 1 27 27       56 Aug  1 15:34 auto.cnf
-rw-------. 1 27 27     1680 Aug  1 15:34 ca-key.pem
-rw-r--r--. 1 27 27     1112 Aug  1 15:34 ca.pem
-rw-r--r--. 1 27 27     1112 Aug  1 15:34 client-cert.pem
-rw-------. 1 27 27     1680 Aug  1 15:34 client-key.pem
-rw-r-----. 1 27 27      673 Aug  1 15:35 ib_buffer_pool
-rw-r-----. 1 27 27 12582912 Aug  1 15:35 ibdata1
-rw-r-----. 1 27 27  8388608 Aug  1 15:35 ib_logfile0
-rw-r-----. 1 27 27  8388608 Aug  1 15:34 ib_logfile1
-rw-r-----. 1 27 27 12582912 Aug  1 15:35 ibtmp1
drwxr-x---. 2 27 27       20 Aug  1 15:35 items
drwxr-x---. 2 27 27     4096 Aug  1 15:35 mysql
-rw-r--r--. 1 27 27        6 Aug  1 15:35 mysql_upgrade_info
drwxr-x---. 2 27 27     8192 Aug  1 15:35 performance_schema
-rw-------. 1 27 27     1680 Aug  1 15:34 private_key.pem
-rw-r--r--. 1 27 27      452 Aug  1 15:34 public_key.pem
-rw-r--r--. 1 27 27     1112 Aug  1 15:34 server-cert.pem
-rw-------. 1 27 27     1676 Aug  1 15:34 server-key.pem
drwxr-x---. 2 27 27     8192 Aug  1 15:35 sys
[student@workstation ~]$ lab manage-storage finish 

Completing the Guided Exercise: Persisting a MySQL Database

 · Stopping the 'persist-db' container.........................  SUCCESS
 · Removing the 'persist-db' container.........................  SUCCESS
 · Removing the 'rhscl/mysql-57-rhel7' image...................  SUCCESS
 · Removing the /var/local/mysql directory.....................  SUCCESS
 · Removing the fcontext for /var/local/mysql..................  SUCCESS
[student@workstation ~]$ 

