[student@workstation ~]$ ls
Desktop  Documents  Downloads  Music  Pictures  Public  Templates  Videos
[student@workstation ~]$ lab-configure 

This script configures the connection parameters to access the OpenShift cluster for your lab scripts

 · Enter the Master API URL: https://api.ocp-na2.prod.nextcle.com:6443
 · Enter the Cluster ID: uuid-value57c48a8d-c97b-433f-86f2-c6c80c516bed
 · Enter the Wildcard Domain: apps.ocp-na2.prod.nextcle.com
 · Enter the Developer User name: sila-kissuu-us
 · Enter the Developer User Password: ce9b7683c1a94deea390
 · Enter the GitHub Account Name: kasovoni
 · Enter the Quay.io Account Name: kasovoni

You entered:
 · Master API URL:			https://api.ocp-na2.prod.nextcle.com:6443
 · Cluster ID:				uuid-value57c48a8d-c97b-433f-86f2-c6c80c516bed
 · Wildcard Domain:			apps.ocp-na2.prod.nextcle.com
 · Nexus Server Host:			nexus-common.apps.ocp-na2.prod.nextcle.com
 · Developer User Name:			sila-kissuu-us
 · Developer User Password:		ce9b7683c1a94deea390
 · GitHub Account Name:			kasovoni
 · Quay.io Account Name:		kasovoni

Verifying your Master API URL...

Verifying your Nexus host...

Verifying your OpenShift developer user credentials...

Verifying your GitHub account name...

Verifying your Quay.io account name...

Verifying your cluster configuration...

ERROR:
OpenShift reports a different cluster ID: 57c48a8d-c97b-433f-86f2-c6c80c516bed.
No changes made to your lab configuration.
[student@workstation ~]$ lab-configure 

This script configures the connection parameters to access the OpenShift cluster for your lab scripts

 · Enter the Master API URL: https://api.ocp-na2.prod.nextcle.com:6443
 · Enter the Cluster ID: 57c48a8d-c97b-433f-86f2-c6c80c516bed
 · Enter the Wildcard Domain: apps.ocp-na2.prod.nextcle.com
 · Enter the Developer User name: sila-kissuu-us
 · Enter the Developer User Password: ce9b7683c1a94deea390
 · Enter the GitHub Account Name: kasovoni
 · Enter the Quay.io Account Name: kasovoni

You entered:
 · Master API URL:			https://api.ocp-na2.prod.nextcle.com:6443
 · Cluster ID:				57c48a8d-c97b-433f-86f2-c6c80c516bed
 · Wildcard Domain:			apps.ocp-na2.prod.nextcle.com
 · Nexus Server Host:			nexus-common.apps.ocp-na2.prod.nextcle.com
 · Developer User Name:			sila-kissuu-us
 · Developer User Password:		ce9b7683c1a94deea390
 · GitHub Account Name:			kasovoni
 · Quay.io Account Name:		kasovoni

Verifying your Master API URL...

Verifying your Nexus host...

Verifying your OpenShift developer user credentials...

Verifying your GitHub account name...

Verifying your Quay.io account name...

Verifying your cluster configuration...

Saving your lab configuration file...

All fine, lab config saved. You can now proceed with your exercises.

[student@workstation ~]$ git clone https://github.com/kasovoni/DO180-apps
Cloning into 'DO180-apps'...
remote: Enumerating objects: 82, done.
remote: Total 82 (delta 0), reused 0 (delta 0), pack-reused 82
Unpacking objects: 100% (82/82), done.
[student@workstation ~]$ ls
Desktop  DO180-apps  Documents  Downloads  Music  Pictures  Public  Templates  Videos
[student@workstation ~]$ lab container-create start

Setting up workstation for the Guided Exercise: Creating a MySQL database instance

 · Checking podman configuration...............................  SUCCESS
 · Creating create_table.txt file..............................  SUCCESS
[student@workstation ~]$ sudo podman run --name mysql-basic \
> > -e MYSQL_USER=user1 -e MYSQL_PASSWORD=mypa55 \
> > -e MYSQL_DATABASE=items -e MYSQL_ROOT_PASSWORD=r00tpa55 \
> > -d rhscl/mysql-57-rhel7:5.7-3.14
unable to pull MYSQL_USER=user1: error getting default registries to try: invalid reference format
[student@workstation ~]$ sudo podman run --name mysql-basic  -e MYSQL_USER=user1 -e MYSQL_PASSWORD=mypa55  -e MYSQL_DATABASE=items -e MYSQL_ROOT_PASSWORD=r00tpa55  -d rhscl/mysql-57-rhel7:5.7-3.14
Trying to pull registry.access.redhat.com/rhscl/mysql-57-rhel7:5.7-3.14...Getting image source signatures
Copying blob sha256:e373541ccf6aa55febe7a8f65456b053fd26adc0dfcb3768f3e6230aa2fd0b82
 69.66 MB / ? [--------------=---------------------------------------------] 4s 
Copying blob sha256:c5d2e94811694c4e9b36a48eaee66177ee553fb9867df40bfd0fe66480881020
 1.20 KB / ? [--------=----------------------------------------------------] 0s 
Copying blob sha256:b3949aed10ebf6900d1ae4799f4cbe0be71a71e414a3bd5b2ecc99f12b2c3561
 62.03 MB / ? [--=---------------------------------------------------------] 6s 
Writing manifest to image destination
Storing signatures
3bad7f31027cc42ad5cc6b7bcb6c8b8e2df9a5bdb75fffc6920f6341fc8bf648
[student@workstation ~]$ sudo podman ps --format "{{.ID}} {{.Image}} {{.Names}}"
3bad7f31027c   registry.access.redhat.com/rhscl/mysql-57-rhel7:5.7-3.14   mysql-basic
[student@workstation ~]$ sudo podman exec -it mysql-basic /bin/bash
bash-4.2$ mysql -uroot
Welcome to the MySQL monitor.  Commands end with ; or \g.
Your MySQL connection id is 2
Server version: 5.7.16 MySQL Community Server (GPL)

Copyright (c) 2000, 2016, Oracle and/or its affiliates. All rights reserved.

Oracle is a registered trademark of Oracle Corporation and/or its
affiliates. Other names may be trademarks of their respective
owners.

Type 'help;' or '\h' for help. Type '\c' to clear the current input statement.

mysql> show databases;
+--------------------+
| Database           |
+--------------------+
| information_schema |
| items              |
| mysql              |
| performance_schema |
| sys                |
+--------------------+
5 rows in set (0.00 sec)

mysql> use items;
Database changed
mysql> CREATE TABLE Projects (id int(11) NOT NULL,name varchar(255) DEFAULT NULL,code varchar(255) DEFAULT NULL,PRIMARY KEY (id));
Query OK, 0 rows affected (0.03 sec)

mysql> show tables;
+-----------------+
| Tables_in_items |
+-----------------+
| Projects        |
+-----------------+
1 row in set (0.00 sec)

mysql> insert into Projects (id, name, code) values (1,'DevOps','DO180');
Query OK, 1 row affected (0.01 sec)

mysql> select * from projects;
ERROR 1146 (42S02): Table 'items.projects' doesn't exist
mysql> select * from Projects
    -> ;
+----+--------+-------+
| id | name   | code  |
+----+--------+-------+
|  1 | DevOps | DO180 |
+----+--------+-------+
1 row in set (0.00 sec)

mysql> exit
Bye
bash-4.2$ lac container-create finish
bash: lac: command not found
bash-4.2$ lab container-create finish
bash: lab: command not found
bash-4.2$ exit
exit
exit status 127
[student@workstation ~]$ lab container-create finish 

Completing the Guided Exercise: Creating a MySQL database instance

 · Removing "mysql-basic" container............................  SUCCESS
 · Removing "rhscl/mysql-57-rhel7:5.7-3.14" image..............  SUCCESS
[student@workstation ~]$ lab container-review start

Setting up workstation for the Lab: Creating Containerized Services

 · Checking podman configuration...............................  SUCCESS
 · Setting up labs folder......................................  SUCCESS
 · Downloading starter project.................................  SUCCESS
 · Downloading solution project................................  SUCCESS

Setup successful. Please proceed with the exercise.

[student@workstation ~]$ sudo podman run -d -p 8080:80
image name or ID is required
[student@workstation ~]$ sudo podman run -d -p 8080:80 --name httpd-basic redhattraining/httpd-parent:2.4
Trying to pull registry.access.redhat.com/redhattraining/httpd-parent:2.4...Failed
Trying to pull quay.io/redhattraining/httpd-parent:2.4...Getting image source signatures
Copying blob sha256:787f47dbeaac926cc8c927a48e8a84fc97e05fbd1c08a4c9c4ddcaddfd87e2f7
 67.66 MB / 67.66 MB [======================================================] 3s
Copying blob sha256:6a5240d60dc4e1ade0d103badb2a897e8103ebf0ebe08350cd582bbc9671cc7a
 1.45 KB / 1.45 KB [========================================================] 0s
Copying blob sha256:a3ed95caeb02ffe68cdd9fd84406680ae93d633cb16422d00e8a7c22955b46d4
 32 B / 32 B [==============================================================] 0s
Skipping fetch of repeat blob sha256:a3ed95caeb02ffe68cdd9fd84406680ae93d633cb16422d00e8a7c22955b46d4
Copying blob sha256:08b8c9fdec444ba23c764be2e8c24e1526d664dc72339af2429dc66fbfefe850
 5.76 MB / 5.76 MB [========================================================] 0s
Skipping fetch of repeat blob sha256:a3ed95caeb02ffe68cdd9fd84406680ae93d633cb16422d00e8a7c22955b46d4
Skipping fetch of repeat blob sha256:a3ed95caeb02ffe68cdd9fd84406680ae93d633cb16422d00e8a7c22955b46d4
Copying blob sha256:408208567b9aab11c5265eadd4cbc9c890d73d74ffcdaf3e2309aaef12cd9394
 148 B / 148 B [============================================================] 0s
Skipping fetch of repeat blob sha256:a3ed95caeb02ffe68cdd9fd84406680ae93d633cb16422d00e8a7c22955b46d4
Skipping fetch of repeat blob sha256:a3ed95caeb02ffe68cdd9fd84406680ae93d633cb16422d00e8a7c22955b46d4
Writing manifest to image destination
Storing signatures
1fec3f7437badd2506e12af339a64cc62b14e5bf86848beb6a0eccc770ee379f
[student@workstation ~]$ sudo podman exec -it httpd-basic /bin/bash
bash-4.4# vi /var/www/html/index.html 
bash-4.4# echo "Hello World" > /var/www/html/index.html 
bash-4.4# exit 
exit
[student@workstation ~]$ curl http://localhost:8080
Hello World
[student@workstation ~]$ lab container-review grade

Grading the student's work for the Lab: Creating Containerized Services

 · The httpd container image was pulled........................  PASS
 · The container was started with the correct name.............  PASS
 · The container was started with the correct image............  PASS
 · Check the content of index.html.............................  PASS

[student@workstation ~]$ lab container-review finish 

Completing the Lab: Creating Containerized Services

 · Removing "httpd-basic" container............................  SUCCESS
 · Removing "redhattraining/httpd-parent:2.4" image............  SUCCESS
[student@workstation ~]$ lab manage-lifecycle start

Setting up workstation for the Guided Excercise: Managing a MySQL Container

 · Checking podman configuration...............................  SUCCESS
 · Downloading starter project.................................  SUCCESS
 · Downloading solution project................................  SUCCESS

Setup successful. Please proceed with the exercise.

[student@workstation ~]$ sudo podman run --name mysql-db rhscl/mysql-57-rhel7
Trying to pull registry.access.redhat.com/rhscl/mysql-57-rhel7:latest...Getting image source signatures
Copying blob sha256:1c9f515fc6ab2b7ebfcaffd8af681b68869d78a3b19c69e87c296363ab1bc2fe
 72.70 MB / ? [=-----------------------------------------------------------] 3s 
Copying blob sha256:1d2c4ce43b78cb9a97ede7f19ad1406a43ee50532568bda660193e4a404b424f
 1.54 KB / ? [--------------------------------------=----------------------] 0s 
Copying blob sha256:f1e961fe4c5192ab9f8e241a2efc674779623ac6a3ed49ee9a1a5b3b8425fe0d
 6.85 MB / ? [-----------------------=-------------------------------------] 0s 
Copying blob sha256:9f1840c3b3bd1303763f9abba51fdd1dcce1ed28bfff318dd2af055b78207520
 62.31 MB / ? [-------------------=----------------------------------------] 3s 
Copying config sha256:60726b33a00a2c3be60e25c3270a34a9b147db86602f05a71988a1c92a70cebc
 6.85 KB / 6.85 KB [========================================================] 0s
Writing manifest to image destination
Storing signatures
=> sourcing 20-validate-variables.sh ...
You must either specify the following environment variables:
  MYSQL_USER (regex: '^[a-zA-Z0-9_]+$')
  MYSQL_PASSWORD (regex: '^[a-zA-Z0-9_~!@#$%^&*()-=<>,.?;:|]+$')
  MYSQL_DATABASE (regex: '^[a-zA-Z0-9_]+$')
Or the following environment variable:
  MYSQL_ROOT_PASSWORD (regex: '^[a-zA-Z0-9_~!@#$%^&*()-=<>,.?;:|]+$')
Or both.
Optional Settings:
  MYSQL_LOWER_CASE_TABLE_NAMES (default: 0)
  MYSQL_LOG_QUERIES_ENABLED (default: 0)
  MYSQL_MAX_CONNECTIONS (default: 151)
  MYSQL_FT_MIN_WORD_LEN (default: 4)
  MYSQL_FT_MAX_WORD_LEN (default: 20)
  MYSQL_AIO (default: 1)
  MYSQL_KEY_BUFFER_SIZE (default: 32M or 10% of available memory)
  MYSQL_MAX_ALLOWED_PACKET (default: 200M)
  MYSQL_TABLE_OPEN_CACHE (default: 400)
  MYSQL_SORT_BUFFER_SIZE (default: 256K)
  MYSQL_READ_BUFFER_SIZE (default: 8M or 5% of available memory)
  MYSQL_INNODB_BUFFER_POOL_SIZE (default: 32M or 50% of available memory)
  MYSQL_INNODB_LOG_FILE_SIZE (default: 8M or 15% of available memory)
  MYSQL_INNODB_LOG_BUFFER_SIZE (default: 8M or 15% of available memory)

For more information, see https://github.com/sclorg/mysql-container
[student@workstation ~]$ sudo podman logs mysql-db
=> sourcing 20-validate-variables.sh ...
You must either specify the following environment variables:
  MYSQL_USER (regex: '^[a-zA-Z0-9_]+$')
  MYSQL_PASSWORD (regex: '^[a-zA-Z0-9_~!@#$%^&*()-=<>,.?;:|]+$')
  MYSQL_DATABASE (regex: '^[a-zA-Z0-9_]+$')
Or the following environment variable:
  MYSQL_ROOT_PASSWORD (regex: '^[a-zA-Z0-9_~!@#$%^&*()-=<>,.?;:|]+$')
Or both.
Optional Settings:
  MYSQL_LOWER_CASE_TABLE_NAMES (default: 0)
  MYSQL_LOG_QUERIES_ENABLED (default: 0)
  MYSQL_MAX_CONNECTIONS (default: 151)
  MYSQL_FT_MIN_WORD_LEN (default: 4)
  MYSQL_FT_MAX_WORD_LEN (default: 20)
  MYSQL_AIO (default: 1)
  MYSQL_KEY_BUFFER_SIZE (default: 32M or 10% of available memory)
  MYSQL_MAX_ALLOWED_PACKET (default: 200M)
  MYSQL_TABLE_OPEN_CACHE (default: 400)
  MYSQL_SORT_BUFFER_SIZE (default: 256K)
  MYSQL_READ_BUFFER_SIZE (default: 8M or 5% of available memory)
  MYSQL_INNODB_BUFFER_POOL_SIZE (default: 32M or 50% of available memory)
  MYSQL_INNODB_LOG_FILE_SIZE (default: 8M or 15% of available memory)
  MYSQL_INNODB_LOG_BUFFER_SIZE (default: 8M or 15% of available memory)

For more information, see https://github.com/sclorg/mysql-container
[student@workstation ~]$ sudo podman run --name mysql -d -e MYSQL_USER=user1 -e MYSQL_PASSWORD=mypa55 -e MYSQL_DATABASE=items -e MYSQL_ROOT_PASSWORD=r00tpa55 rhscl/mysql-57-rhel7
b96eebba59135734fc2e85135fb6945e9a82ba907215d0112a0814390420231b
[student@workstation ~]$ sudo podman ps
CONTAINER ID   IMAGE                                                    COMMAND                  CREATED          STATUS              PORTS   NAMES
b96eebba5913   registry.access.redhat.com/rhscl/mysql-57-rhel7:latest   container-entrypoin...   12 seconds ago   Up 12 seconds ago           mysql
[student@workstation ~]$ sudo podman inspect -f '{{.NetworkSettings.IPAddress }}' mysql
10.88.0.5
[student@workstation ~]$ mysql -uuser1 -h 10.88.0.5 -p items
Enter password: 
Welcome to the MariaDB monitor.  Commands end with ; or \g.
Your MySQL connection id is 2
Server version: 5.7.24 MySQL Community Server (GPL)

Copyright (c) 2000, 2018, Oracle, MariaDB Corporation Ab and others.

Type 'help;' or '\h' for help. Type '\c' to clear the current input statement.

MySQL [items]> 
MySQL [items]> create table Projects (id int(11) NOT NULL, name varchar(255) DEFAULT NULL, code varchar(255) DEFAULT NULL, primary key(id));
Query OK, 0 rows affected (0.04 sec)

MySQL [items]> show table Projects
    -> ;
ERROR 1064 (42000): You have an error in your SQL syntax; check the manual that corresponds to your MySQL server version for the right syntax to use near 'Projects' at line 1
MySQL [items]> show tables;
+-----------------+
| Tables_in_items |
+-----------------+
| Projects        |
+-----------------+
1 row in set (0.00 sec)

MySQL [items]> insert into Projects (id,name,code) values (1,'DevOps', 'DO180');
Query OK, 1 row affected (0.01 sec)

MySQL [items]> exit
Bye
[student@workstation ~]$ sudo podman run --name mysql-2 -it rhscl/mysql-57-rhel7 /bin/bash
bash-4.2$ mysql -uroot 
ERROR 2002 (HY000): Can't connect to local MySQL server through socket '/var/lib/mysql/mysql.sock' (2)
bash-4.2$ exit
exit
[student@workstation ~]$ sudo pod
pod2html   pod2man    pod2text   pod2usage  podman     
[student@workstation ~]$ sudo podman ps -a --format="table {{.ID}} {{.Names}} {{.Status}}"
CONTAINER ID   NAMES      STATUS
297f3b143723   mysql-2    Exited (1) 41 seconds ago
b96eebba5913   mysql      Up 6 minutes ago
b9ff33a982e5   mysql-db   Exited (1) 9 minutes ago
[student@workstation ~]$ 
[student@workstation ~]$ 
[student@workstation ~]$ sudo podman exec mysql /bin/bash -c 'mysql -uuser1 -p -e "select * from items.Projects;"'
Enter password: mypa55
id	name	code
1	DevOps	DO180
[student@workstation ~]$ lab manage-lifecycle finish 

Completing the Guided Excercise: Managing a MySQL Container

 · Stopping 'mysql' container..................................  SUCCESS
 · Stopping 'mysql-2' container................................  SUCCESS
 · Removing 'mysql' container..................................  SUCCESS
 · Removing 'mysql-2' container................................  SUCCESS
 · Removing 'mysql-db' container...............................  SUCCESS
 · Removing 'rhscl/mysql-57-rhel7' image.......................  SUCCESS
[student@workstation ~]$ 
[student@workstation ~]$ lab manage-storage start

Setting up workstation for the Guided Exercise: Persisting a MySQL Database

 · Checking podman configuration...............................  SUCCESS
 · Check if the directory used by lab is not created...........  SUCCESS
[student@workstation ~]$ sudo mkdir -pv /var/local/mysql
mkdir: created directory ‘/var/local/mysql’
[student@workstation ~]$ sudo semanage fcontext -a -t container_file_t '/var/local/mysql(/.*)?'
[student@workstation ~]$ sudo restorecon -R /var/local/mysql
[student@workstation ~]$ ls -dZ /var/local/mysql
drwxr-xr-x. root root unconfined_u:object_r:container_file_t:s0 /var/local/mysql
[student@workstation ~]$ sudo chown -Rv 27:27 /var/local/mysql/
changed ownership of ‘/var/local/mysql/’ from root:root to 27:27
[student@workstation ~]$ sudo podman pull rhscl/mysql-57-rhel7
Trying to pull registry.access.redhat.com/rhscl/mysql-57-rhel7:latest...Getting image source signatures
Copying blob sha256:1c9f515fc6ab2b7ebfcaffd8af681b68869d78a3b19c69e87c296363ab1bc2fe
 72.70 MB / ? [=-----------------------------------------------------------] 4s 
Copying blob sha256:1d2c4ce43b78cb9a97ede7f19ad1406a43ee50532568bda660193e4a404b424f
 1.54 KB / ? [--------------------------------------=----------------------] 0s 
Copying blob sha256:f1e961fe4c5192ab9f8e241a2efc674779623ac6a3ed49ee9a1a5b3b8425fe0d
 6.85 MB / ? [-----------------------=-------------------------------------] 0s 
Copying blob sha256:9f1840c3b3bd1303763f9abba51fdd1dcce1ed28bfff318dd2af055b78207520
 62.31 MB / ? [-------------------=----------------------------------------] 3s 
Copying config sha256:60726b33a00a2c3be60e25c3270a34a9b147db86602f05a71988a1c92a70cebc
 6.85 KB / 6.85 KB [========================================================] 0s
Writing manifest to image destination
Storing signatures
60726b33a00a2c3be60e25c3270a34a9b147db86602f05a71988a1c92a70cebc
[student@workstation ~]$ sudo podman run --name persist-db -d -v /var/local/mysql:/var/lib/mysql/data -e MYSQL_USER=user1 -e MYSQL_PASSWORD=mypa55 -e MYSQL_DATABASE=items -e MYSQL_ROOT_PASSWORD=r00tpa55 rhscl/mysql-57-rhel7
07724b2273603aec444788be70cdd73f179a384d4e1e0bffc76bc8ced816dced
[student@workstation ~]$ history|grep Status
   29  sudo podman ps -a --format="table {{.ID}} {{.Names}} {{.Status}}"
   40  history|grep Status
[student@workstation ~]$ !29
sudo podman ps -a --format="table {{.ID}} {{.Names}} {{.Status}}"
CONTAINER ID   NAMES        STATUS
07724b227360   persist-db   Up 18 seconds ago
[student@workstation ~]$ ls -l /var/loc
local/ lock/  
[student@workstation ~]$ ls -l /var/local/mysql/
total 41036
-rw-r-----. 1 27 27        2 Aug  1 15:35 07724b227360.pid
-rw-r-----. 1 27 27       56 Aug  1 15:34 auto.cnf
-rw-------. 1 27 27     1680 Aug  1 15:34 ca-key.pem
-rw-r--r--. 1 27 27     1112 Aug  1 15:34 ca.pem
-rw-r--r--. 1 27 27     1112 Aug  1 15:34 client-cert.pem
-rw-------. 1 27 27     1680 Aug  1 15:34 client-key.pem
-rw-r-----. 1 27 27      673 Aug  1 15:35 ib_buffer_pool
-rw-r-----. 1 27 27 12582912 Aug  1 15:35 ibdata1
-rw-r-----. 1 27 27  8388608 Aug  1 15:35 ib_logfile0
-rw-r-----. 1 27 27  8388608 Aug  1 15:34 ib_logfile1
-rw-r-----. 1 27 27 12582912 Aug  1 15:35 ibtmp1
drwxr-x---. 2 27 27       20 Aug  1 15:35 items
drwxr-x---. 2 27 27     4096 Aug  1 15:35 mysql
-rw-r--r--. 1 27 27        6 Aug  1 15:35 mysql_upgrade_info
drwxr-x---. 2 27 27     8192 Aug  1 15:35 performance_schema
-rw-------. 1 27 27     1680 Aug  1 15:34 private_key.pem
-rw-r--r--. 1 27 27      452 Aug  1 15:34 public_key.pem
-rw-r--r--. 1 27 27     1112 Aug  1 15:34 server-cert.pem
-rw-------. 1 27 27     1676 Aug  1 15:34 server-key.pem
drwxr-x---. 2 27 27     8192 Aug  1 15:35 sys
[student@workstation ~]$ lab manage-storage finish 

Completing the Guided Exercise: Persisting a MySQL Database

 · Stopping the 'persist-db' container.........................  SUCCESS
 · Removing the 'persist-db' container.........................  SUCCESS
 · Removing the 'rhscl/mysql-57-rhel7' image...................  SUCCESS
 · Removing the /var/local/mysql directory.....................  SUCCESS
 · Removing the fcontext for /var/local/mysql..................  SUCCESS
[student@workstation ~]$ 


[student@workstation ~]$ lab manage-networking start

Setting up workstation for the Guided Exercise: Loading the Database

 · Checking podman configuration...............................  SUCCESS
 · Creating a host directory for the database container:
   · Adding fcontext policy for /var/local/mysql...............  SUCCESS
   · Creating the /var/local/mysql directory...................  SUCCESS
   · Apply fcontext policy to /var/local/mysql.................  SUCCESS
 · Downloading starter project.................................  SUCCESS
 · Downloading solution project................................  SUCCESS

Setup successful. Please proceed with the exercise.


[student@workstation ~]$ sudo podman run --name mysqldb-port -d -v /var/local/mysql:/var/lib/mysql -p 13306:3306 -e -e MYSQL_USER=user1 -e MYSQL_PASSWORD=mypa55 -e MYSQL_DATABASE=items -e MYSQL_ROOT_PASSWORD=r00tpa55 rhscl/mysql-57-rhel7
option --env requires a value
[student@workstation ~]$ sudo podman run --name mysqldb-port -d -v /var/local/mysql:/var/lib/mysql -p 13306:3306 -e MYSQL_USER=user1 -e MYSQL_PASSWORD=mypa55 -e MYSQL_DATABASE=items -e MYSQL_ROOT_PASSWORD=r00tpa55 rhscl/mysql-57-rhel7
Trying to pull registry.access.redhat.com/rhscl/mysql-57-rhel7:latest...Getting image source signatures
Copying blob sha256:1c9f515fc6ab2b7ebfcaffd8af681b68869d78a3b19c69e87c296363ab1bc2fe
 72.70 MB / ? [=-----------------------------------------------------------] 4s 
Copying blob sha256:1d2c4ce43b78cb9a97ede7f19ad1406a43ee50532568bda660193e4a404b424f
 1.54 KB / ? [--------------------------------------=----------------------] 0s 
Copying blob sha256:f1e961fe4c5192ab9f8e241a2efc674779623ac6a3ed49ee9a1a5b3b8425fe0d
 6.85 MB / ? [-----------------------=-------------------------------------] 0s 
Copying blob sha256:9f1840c3b3bd1303763f9abba51fdd1dcce1ed28bfff318dd2af055b78207520
 62.31 MB / ? [-------------------=----------------------------------------] 3s 
Copying config sha256:60726b33a00a2c3be60e25c3270a34a9b147db86602f05a71988a1c92a70cebc
 6.85 KB / 6.85 KB [========================================================] 0s
Writing manifest to image destination
Storing signatures
d72c3a0518821a9c306fa063d5f4ece4730b99956b142eb2381d768d527b6e5e
[student@workstation ~]$ 
[student@workstation ~]$ 
[student@workstation ~]$ sudo podman ps -a
CONTAINER ID   IMAGE                                                    COMMAND                  CREATED          STATUS              PORTS                     NAMES          IS INFRA
d72c3a051882   registry.access.redhat.com/rhscl/mysql-57-rhel7:latest   container-entrypoin...   28 seconds ago   Up 28 seconds ago   0.0.0.0:13306->3306/tcp   mysqldb-port   false
[student@workstation ~]$ sudo podman ps 
CONTAINER ID   IMAGE                                                    COMMAND                  CREATED          STATUS              PORTS                     NAMES
d72c3a051882   registry.access.redhat.com/rhscl/mysql-57-rhel7:latest   container-entrypoin...   42 seconds ago   Up 42 seconds ago   0.0.0.0:13306->3306/tcp   mysqldb-port
[student@workstation ~]$ 
[student@workstation ~]$ 
[student@workstation ~]$ mysql -uuser1 -h 127.0.0.1 -pmypa55 -P13306 items < /home/student/DO180/labs/manage-networking/db.sql 
[student@workstation ~]$ ls
-d       DO180       Documents  -e     Pictures  running.log  Videos
Desktop  DO180-apps  Downloads  Music  Public    Templates
[student@workstation ~]$ cd DO180
[student@workstation DO180]$ ls
labs  solutions
[student@workstation DO180]$ cd labs/
[student@workstation labs]$ ll
total 0
drwxrwxr-x. 2 student student 39 Sep 24  2019 container-review
drwxrwxr-x. 2 student student 20 Sep 24  2019 manage-lifecycle
drwxrwxr-x. 2 student student 20 Sep 24  2019 manage-networking
[student@workstation labs]$ cd manage-networking/
[student@workstation manage-networking]$ ll
total 4
-rw-rw-r--. 1 student student 271 Sep 24  2019 db.sql
[student@workstation manage-networking]$ cd ~
[student@workstation ~]$ ll
total 24
-rw-rw-r--. 1 student student     0 Aug  1 15:05 -d
drwxr-xr-x. 2 student student    40 Aug  1 14:55 Desktop
drwxr-xr-x. 4 root    root       35 Aug  1 15:10 DO180
drwxrwxr-x. 9 student student   143 Aug  1 15:04 DO180-apps
drwxr-xr-x. 2 student student     6 Aug  1 14:52 Documents
drwxr-xr-x. 2 student student     6 Aug  1 14:52 Downloads
-rw-rw-r--. 1 student student     0 Aug  1 15:05 -e
drwxr-xr-x. 2 student student     6 Aug  1 14:52 Music
drwxr-xr-x. 2 student student     6 Aug  1 14:52 Pictures
drwxr-xr-x. 2 student student     6 Aug  1 14:52 Public
-rw-rw-r--. 1 student student 21225 Aug  1 15:38 running.log
drwxr-xr-x. 2 student student     6 Aug  1 14:52 Templates
drwxr-xr-x. 2 student student     6 Aug  1 14:52 Videos
[student@workstation ~]$ cd DO180-apps/
[student@workstation DO180-apps]$ ls
example  nodejs-app  nodejs-helloworld  php-helloworld  README.md  temps  todoapp
[student@workstation DO180-apps]$ mv ~/running.log .
[student@workstation DO180-apps]$ git push
Username for 'https://github.com': kasovoni
Password for 'https://kasovoni@github.com': 
remote: Invalid username or password.
fatal: Authentication failed for 'https://github.com/kasovoni/DO180-apps/'
[student@workstation DO180-apps]$ git push
Username for 'https://github.com': kasovoni
Password for 'https://kasovoni@github.com': 
Everything up-to-date
[student@workstation DO180-apps]$ git commit
# On branch master
# Untracked files:
#   (use "git add <file>..." to include in what will be committed)
#
#	running.log
nothing added to commit but untracked files present (use "git add" to track)
[student@workstation DO180-apps]$ git add running.log
[student@workstation DO180-apps]$ git commit
[master ca6a057] add running log
 1 file changed, 446 insertions(+)
 create mode 100644 running.log
[student@workstation DO180-apps]$ git push
Counting objects: 4, done.
Delta compression using up to 2 threads.
Compressing objects: 100% (3/3), done.
Writing objects: 100% (3/3), 5.31 KiB | 0 bytes/s, done.
Total 3 (delta 1), reused 0 (delta 0)
remote: Resolving deltas: 100% (1/1), completed with 1 local object.
To https://github.com/kasovoni/DO180-apps
   f7cd896..ca6a057  master -> master
[student@workstation DO180-apps]$ mysql -uuser1 -h 127.0.0.1 -pmypa55 -P13306 items -e "select * from item"
ERROR 1146 (42S02) at line 1: Table 'items.item' doesn't exist
[student@workstation DO180-apps]$ mysql -uuser1 -h 127.0.0.1 -pmypa55 -P13306 items -e "select * from Item"
+----+-------------------+------+
| id | description       | done |
+----+-------------------+------+
|  1 | Pick up newspaper |    0 |
|  2 | Buy groceries     |    1 |
+----+-------------------+------+
[student@workstation DO180-apps]$ sudo podman exec -it mysqldb-port /bin/bash
bash-4.2$ which mysql
/opt/rh/rh-mysql57/root/usr/bin/mysql
bash-4.2$ mysql -uroot items -e "select * from Item"
+----+-------------------+------+
| id | description       | done |
+----+-------------------+------+
|  1 | Pick up newspaper |    0 |
|  2 | Buy groceries     |    1 |
+----+-------------------+------+
bash-4.2$ exit
exit
[student@workstation DO180-apps]$ ls
example  nodejs-app  nodejs-helloworld  php-helloworld  README.md  running.log  temps  todoapp
[student@workstation DO180-apps]$ sudo podman exec -it mysqldb-port /opt/rh/rh-^C
[student@workstation DO180-apps]$ ls /opt
apache-maven  apache-maven-3.5.4  rh
[student@workstation DO180-apps]$ sudo podman exec -it mysqldb-port /opt/rh/rh-mysql57/root/usr/bin/mysql -uroot items -e "select * from Item"
+----+-------------------+------+
| id | description       | done |
+----+-------------------+------+
|  1 | Pick up newspaper |    0 |
|  2 | Buy groceries     |    1 |
+----+-------------------+------+
[student@workstation DO180-apps]$ lab manage-networking finish

Completing the Guided Exercise: Loading the Database

 · Stopping the 'mysqldb-port' container.......................  SUCCESS
 · Removing the 'mysqldb-port' container.......................  SUCCESS
 · Removing the 'rhscl/mysql-57-rhel7' image...................  SUCCESS
 · Removing the /var/local/mysql directory.....................  SUCCESS
 · Removing the fcontext for /var/local/mysql..................  SUCCESS
[student@workstation DO180-apps]$ 

============================================
LAB: Managing Containers
============================================
[student@workstation DO180-apps]$ lab manage-review start 

Setting up workstation for the Lab: Managing Containers

 · Checking podman configuration...............................  SUCCESS
 · Check that /var/local/mysql does not exist..................  SUCCESS
 · Downloading starter project.................................  SUCCESS
 · Downloading solution project................................  SUCCESS

Setup successful. Please proceed with the exercise.

[student@workstation DO180-apps]$ mkdir -pv /var/local/mysql
mkdir: cannot create directory ‘/var/local/mysql’: Permission denied
[student@workstation DO180-apps]$ sudo mkdir -pv /var/local/mysql
mkdir: created directory ‘/var/local/mysql’
[student@workstation DO180-apps]$ sudo semanage fcontext -a -t container_file_t '/var/log/mysql(/.*)?'
[student@workstation DO180-apps]$ sudo restorecon -R /var/lo
local/ lock/  log/   
[student@workstation DO180-apps]$ sudo restorecon -R /var/log/mysql
restorecon:  lstat(/var/log/mysql) failed:  No such file or directory
[student@workstation DO180-apps]$ sudo restorecon -R /var/local/mysql
[student@workstation DO180-apps]$ sud chown -Rv 27:27 /var/local/mysql
bash: sud: command not found...
[student@workstation DO180-apps]$ sudo chown -Rv 27:27 /var/local/mysql
changed ownership of ‘/var/local/mysql’ from root:root to 27:27
[student@workstation DO180-apps]$ sudo podman run --name mysql-1 -d -v /var/local/mysql:/var/lib/mysql/data -e MYSQL_USER=user1 -e MYSQL_PASSWORD=mypa55 -e MYSQL_DATABASE=items -e MYSQL_ROOT_PASSWORD=r00tpa55 rhscl/mysql-57-rhel7
Trying to pull registry.access.redhat.com/rhscl/mysql-57-rhel7:latest...Getting image source signatures
Copying blob sha256:1c9f515fc6ab2b7ebfcaffd8af681b68869d78a3b19c69e87c296363ab1bc2fe
 72.70 MB / ? [=-----------------------------------------------------------] 6s 
Copying blob sha256:1d2c4ce43b78cb9a97ede7f19ad1406a43ee50532568bda660193e4a404b424f
 1.54 KB / ? [--------------------------------------=----------------------] 0s 
Copying blob sha256:f1e961fe4c5192ab9f8e241a2efc674779623ac6a3ed49ee9a1a5b3b8425fe0d
 6.85 MB / ? [-----------------------=-------------------------------------] 0s 
Copying blob sha256:9f1840c3b3bd1303763f9abba51fdd1dcce1ed28bfff318dd2af055b78207520
 62.31 MB / ? [-------------------=----------------------------------------] 5s 
Copying config sha256:60726b33a00a2c3be60e25c3270a34a9b147db86602f05a71988a1c92a70cebc
 6.85 KB / 6.85 KB [========================================================] 0s
Writing manifest to image destination
Storing signatures
eae3c77a4073ac277f88d110b13f6ae15b8dfa5d293923993aa755e405b0076c
[student@workstation DO180-apps]$ sudo podman ps
[student@workstation DO180-apps]$ sudo podman ps
[student@workstation DO180-apps]$ sudo podman run --name mysql-1 -d -v /var/local/mysql:/var/lib/mysql/data -e MYSQL_USER=user1 -e MYSQL_PASSWORD=mypa55 -e MYSQL_DATABASE=items -e MYSQL_ROOT_PASSWORD=r00tpa55 rhscl/mysql-57-rhel7^C
[student@workstation DO180-apps]$ ls -dZ /var/local/mysql/
drwxr-xr-x. 27 27 unconfined_u:object_r:var_t:s0   /var/local/mysql/
[student@workstation DO180-apps]$ sudo semanage fcontext -a -t container_file_t '/var/local/mysql(/.*)?'
[student@workstation DO180-apps]$ sudo restorecon -R /var/local/mysql
[student@workstation DO180-apps]$ ls -dZ /var/local/mysql/
drwxr-xr-x. 27 27 unconfined_u:object_r:container_file_t:s0 /var/local/mysql/
[student@workstation DO180-apps]$ sudo podman run --name mysql-1 -d -v /var/local/mysql:/var/lib/mysql/data -e MYSQL_USER=user1 -e MYSQL_PASSWORD=mypa55 -e MYSQL_DATABASE=items -e MYSQL_ROOT_PASSWORD=r00tpa55 rhscl/mysql-57-rhel7
error creating container storage: the container name "mysql-1" is already in use by "eae3c77a4073ac277f88d110b13f6ae15b8dfa5d293923993aa755e405b0076c". You have to remove that container to be able to reuse that name.: that name is already in use
[student@workstation DO180-apps]$ sudo podman rm mysql-1
eae3c77a4073ac277f88d110b13f6ae15b8dfa5d293923993aa755e405b0076c
[student@workstation DO180-apps]$ sudo podman run --name mysql-1 -d -v /var/local/mysql:/var/lib/mysql/data -e MYSQL_USER=user1 -e MYSQL_PASSWORD=mypa55 -e MYSQL_DATABASE=items -e MYSQL_ROOT_PASSWORD=r00tpa55 rhscl/mysql-57-rhel7
b0c23adfd1f135878bbc1e6af04aa68c68fb52015587595f09f815d3f6645276
[student@workstation DO180-apps]$ sudo podman ps
CONTAINER ID   IMAGE                                                    COMMAND                  CREATED         STATUS             PORTS   NAMES
b0c23adfd1f1   registry.access.redhat.com/rhscl/mysql-57-rhel7:latest   container-entrypoin...   7 seconds ago   Up 7 seconds ago           mysql-1
[student@workstation DO180-apps]$ sudo podman inspect -f '{{.NetworkSettings.IPAddress}}'
container or image name must be specified: podman inspect [options [...]] name
[student@workstation DO180-apps]$ sudo podman inspect -f '{{.NetworkSettings.IPAddress}}' mysql-1
10.88.0.10
[student@workstation DO180-apps]$ mysql -uuser1 -h 10.88.0.10 -pmypa55 items </home/student/DO180/labs/manage-review/db.sql 
[student@workstation DO180-apps]$ mysql -uuser1 -h 10.88.0.10 -pmypa55 items -e "select * from Item"
+----+-------------------+------+
| id | description       | done |
+----+-------------------+------+
|  1 | Pick up newspaper |    0 |
|  2 | Buy groceries     |    1 |
+----+-------------------+------+
[student@workstation DO180-apps]$ sudo podman stop mysql-1
b0c23adfd1f135878bbc1e6af04aa68c68fb52015587595f09f815d3f6645276
[student@workstation DO180-apps]$ sudo podman run --name mysql-2 -d -v /var/local/mysql:/var/lib/mysql/data -p 13306:3306 -e MYSQL_USER=user1 -e MYSQL_PASSWORD=mypa55 -e MYSQL_DATABASE=items -e MYSQL_ROOT_PASSWORD=r00tpa55 rhscl/mysql-57-rhel7
e779b21b1d4bafafc79ba47d5afd11f745f15638b15bea7cadabcdbfb0473701
[student@workstation DO180-apps]$ sudo podman ps
CONTAINER ID   IMAGE                                                    COMMAND                  CREATED          STATUS              PORTS                     NAMES
e779b21b1d4b   registry.access.redhat.com/rhscl/mysql-57-rhel7:latest   container-entrypoin...   20 seconds ago   Up 20 seconds ago   0.0.0.0:13306->3306/tcp   mysql-2
[student@workstation DO180-apps]$ sudo podman ps -a
CONTAINER ID   IMAGE                                                    COMMAND                  CREATED          STATUS                     PORTS                     NAMES     IS INFRA
e779b21b1d4b   registry.access.redhat.com/rhscl/mysql-57-rhel7:latest   container-entrypoin...   39 seconds ago   Up 38 seconds ago          0.0.0.0:13306->3306/tcp   mysql-2   false
b0c23adfd1f1   registry.access.redhat.com/rhscl/mysql-57-rhel7:latest   container-entrypoin...   6 minutes ago    Exited (0) 3 minutes ago                             mysql-1   false
[student@workstation DO180-apps]$ sudo podman ps >/tmp/my-containers
[student@workstation DO180-apps]$ sudo podman exec -it mysql-2 /bin/bash
bash-4.2$ mysql -uuser1 -pmypa55 
mysql: [Warning] Using a password on the command line interface can be insecure.
Welcome to the MySQL monitor.  Commands end with ; or \g.
Your MySQL connection id is 2
Server version: 5.7.24 MySQL Community Server (GPL)

Copyright (c) 2000, 2018, Oracle and/or its affiliates. All rights reserved.

Oracle is a registered trademark of Oracle Corporation and/or its
affiliates. Other names may be trademarks of their respective
owners.

Type 'help;' or '\h' for help. Type '\c' to clear the current input statement.

mysql> show databases;
+--------------------+
| Database           |
+--------------------+
| information_schema |
| items              |
+--------------------+
2 rows in set (0.00 sec)

mysql> use items;
Database changed
mysql> show tables;
+-----------------+
| Tables_in_items |
+-----------------+
| Item            |
+-----------------+
1 row in set (0.00 sec)

mysql> select * from Item;
+----+-------------------+------+
| id | description       | done |
+----+-------------------+------+
|  1 | Pick up newspaper |    0 |
|  2 | Buy groceries     |    1 |
+----+-------------------+------+
2 rows in set (0.01 sec)

mysql> exit
Bye
bash-4.2$ exit
exit
[student@workstation DO180-apps]$ mysql -uuser1 -pmypa55 -h 127.0.0.1 -p13306 items
ERROR 2003 (HY000): Can't connect to MySQL server on '127.0.0.1' (111)
[student@workstation DO180-apps]$ mysql -uuser1 -pmypa55 -h 127.0.0.1 -^C3306 items
[student@workstation DO180-apps]$ hostname
workstation.lab.example.com
[student@workstation DO180-apps]$ mysql -uuser1 -pmypa55 -h workstation.lab.example.com -p13306 items
ERROR 2003 (HY000): Can't connect to MySQL server on 'workstation.lab.example.com' (111)
[student@workstation DO180-apps]$ sudo podman ps
CONTAINER ID   IMAGE                                                    COMMAND                  CREATED         STATUS             PORTS                     NAMES
e779b21b1d4b   registry.access.redhat.com/rhscl/mysql-57-rhel7:latest   container-entrypoin...   7 minutes ago   Up 7 minutes ago   0.0.0.0:13306->3306/tcp   mysql-2
[student@workstation DO180-apps]$ sudo podman exec -it mysql-2 /bin/bash -c 'mysql -uuser1 -pmypa55 -e "insert into Item (description,done) values ('Finished lab',1);"'
lab,1);": -c: line 0: unexpected EOF while looking for matching `"'
lab,1);": -c: line 1: syntax error: unexpected end of file
exit status 1
[student@workstation DO180-apps]$ sudo podman exec -it mysql-2 /bin/bash -c 'mysql -uuser1 -pmypa55 -e "insert into Item (description,done) values ("Finished lab",1);"'
mysql: [Warning] Using a password on the command line interface can be insecure.
ERROR 1044 (42000): Access denied for user 'user1'@'%' to database 'lab,1);'
exit status 1
[student@workstation DO180-apps]$ sudo podman exec -it mysql-2 /bin/bash -c 'mysql -uuser1 -p -e "insert into Item (description,done) values ("Finished lab",1);"'
Enter password: 
ERROR 1044 (42000): Access denied for user 'user1'@'%' to database 'lab,1);'
exit status 1
[student@workstation DO180-apps]$ sudo podman exec -it mysql-2 /bin/bash -c 'mysql -uroot -p -e "insert into Item (description,done) values ("Finished lab",1);"'
Enter password: 
ERROR 1045 (28000): Access denied for user 'root'@'localhost' (using password: YES)
exit status 1
[student@workstation DO180-apps]$ sudo podman exec -it mysql-2 /bin/bash -c 'mysql -uuser1 -pmypa55 -e "insert into Item (description,done) values ("Finished lab",1);"' -h workstation.lab.example.com
mysql: [Warning] Using a password on the command line interface can be insecure.
ERROR 1044 (42000): Access denied for user 'user1'@'%' to database 'lab,1);'
exit status 1
[student@workstation DO180-apps]$ sudo podman exec -it mysql-2 /bin/bash -c 'mysql -uroot -p -e "insert into Item (description,done) values ("Finished lab",1);"' -h workstation.lab.example.com
Enter password: 
ERROR 1045 (28000): Access denied for user 'root'@'localhost' (using password: YES)
exit status 1
[student@workstation DO180-apps]$ sudo podman exec -it mysql-2 /bin/bash -c 'mysql -uroot -p -e "insert into Item (description,done) values ("Finished lab",1);"' -h workstation.lab.example.com
Enter password: 
ERROR 1045 (28000): Access denied for user 'root'@'localhost' (using password: YES)
exit status 1
[student@workstation DO180-apps]$ sudo podman exec -it mysql-2 /bin/bash -c 'mysql -uuser1 -pmypa55 -e "insert into Item (description,done) values ("Finished lab",1);"' -h workstation.lab.example.com -P13306 items
mysql: [Warning] Using a password on the command line interface can be insecure.
ERROR 1044 (42000): Access denied for user 'user1'@'%' to database 'lab,1);'
exit status 1
[student@workstation DO180-apps]$ sudo podman exec -it mysql-2 /bin/bash -c 'mysql -uuser1 -pmypa55 -h workstation.lab.example.com -P13306 items -e "insert into Item (description,done) values ("Finished lab",1);"' 
mysql: [Warning] Using a password on the command line interface can be insecure.
mysql  Ver 14.14 Distrib 5.7.24, for Linux (x86_64) using  EditLine wrapper
Copyright (c) 2000, 2018, Oracle and/or its affiliates. All rights reserved.

Oracle is a registered trademark of Oracle Corporation and/or its
affiliates. Other names may be trademarks of their respective
owners.

Usage: mysql [OPTIONS] [database]
  -?, --help          Display this help and exit.
  -I, --help          Synonym for -?
  --auto-rehash       Enable automatic rehashing. One doesn't need to use
                      'rehash' to get table and field completion, but startup
                      and reconnecting may take a longer time. Disable with
                      --disable-auto-rehash.
                      (Defaults to on; use --skip-auto-rehash to disable.)
  -A, --no-auto-rehash 
                      No automatic rehashing. One has to use 'rehash' to get
                      table and field completion. This gives a quicker start of
                      mysql and disables rehashing on reconnect.
  --auto-vertical-output 
                      Automatically switch to vertical output mode if the
                      result is wider than the terminal width.
  -B, --batch         Don't use history file. Disable interactive behavior.
                      (Enables --silent.)
  --bind-address=name IP address to bind to.
  --binary-as-hex     Print binary data as hex
  --character-sets-dir=name 
                      Directory for character set files.
  --column-type-info  Display column type information.
  -c, --comments      Preserve comments. Send comments to the server. The
                      default is --skip-comments (discard comments), enable
                      with --comments.
  -C, --compress      Use compression in server/client protocol.
  -#, --debug[=#]     This is a non-debug version. Catch this and exit.
  --debug-check       This is a non-debug version. Catch this and exit.
  -T, --debug-info    This is a non-debug version. Catch this and exit.
  -D, --database=name Database to use.
  --default-character-set=name 
                      Set the default character set.
  --delimiter=name    Delimiter to be used.
  --enable-cleartext-plugin 
                      Enable/disable the clear text authentication plugin.
  -e, --execute=name  Execute command and quit. (Disables --force and history
                      file.)
  -E, --vertical      Print the output of a query (rows) vertically.
  -f, --force         Continue even if we get an SQL error.
  --histignore=name   A colon-separated list of patterns to keep statements
                      from getting logged into syslog and mysql history.
  -G, --named-commands 
                      Enable named commands. Named commands mean this program's
                      internal commands; see mysql> help . When enabled, the
                      named commands can be used from any line of the query,
                      otherwise only from the first line, before an enter.
                      Disable with --disable-named-commands. This option is
                      disabled by default.
  -i, --ignore-spaces Ignore space after function names.
  --init-command=name SQL Command to execute when connecting to MySQL server.
                      Will automatically be re-executed when reconnecting.
  --local-infile      Enable/disable LOAD DATA LOCAL INFILE.
  -b, --no-beep       Turn off beep on error.
  -h, --host=name     Connect to host.
  -H, --html          Produce HTML output.
  -X, --xml           Produce XML output.
  --line-numbers      Write line numbers for errors.
                      (Defaults to on; use --skip-line-numbers to disable.)
  -L, --skip-line-numbers 
                      Don't write line number for errors.
  -n, --unbuffered    Flush buffer after each query.
  --column-names      Write column names in results.
                      (Defaults to on; use --skip-column-names to disable.)
  -N, --skip-column-names 
                      Don't write column names in results.
  --sigint-ignore     Ignore SIGINT (CTRL-C).
  -o, --one-database  Ignore statements except those that occur while the
                      default database is the one named at the command line.
  --pager[=name]      Pager to use to display results. If you don't supply an
                      option, the default pager is taken from your ENV variable
                      PAGER. Valid pagers are less, more, cat [> filename],
                      etc. See interactive help (\h) also. This option does not
                      work in batch mode. Disable with --disable-pager. This
                      option is disabled by default.
  -p, --password[=name] 
                      Password to use when connecting to server. If password is
                      not given it's asked from the tty.
  -P, --port=#        Port number to use for connection or 0 for default to, in
                      order of preference, my.cnf, $MYSQL_TCP_PORT,
                      /etc/services, built-in default (3306).
  --prompt=name       Set the mysql prompt to this value.
  --protocol=name     The protocol to use for connection (tcp, socket, pipe,
                      memory).
  -q, --quick         Don't cache result, print it row by row. This may slow
                      down the server if the output is suspended. Doesn't use
                      history file.
  -r, --raw           Write fields without conversion. Used with --batch.
  --reconnect         Reconnect if the connection is lost. Disable with
                      --disable-reconnect. This option is enabled by default.
                      (Defaults to on; use --skip-reconnect to disable.)
  -s, --silent        Be more silent. Print results with a tab as separator,
                      each row on new line.
  -S, --socket=name   The socket file to use for connection.
  --ssl-mode=name     SSL connection mode.
  --ssl               Deprecated. Use --ssl-mode instead.
                      (Defaults to on; use --skip-ssl to disable.)
  --ssl-verify-server-cert 
                      Deprecated. Use --ssl-mode=VERIFY_IDENTITY instead.
  --ssl-ca=name       CA file in PEM format.
  --ssl-capath=name   CA directory.
  --ssl-cert=name     X509 cert in PEM format.
  --ssl-cipher=name   SSL cipher to use.
  --ssl-key=name      X509 key in PEM format.
  --ssl-crl=name      Certificate revocation list.
  --ssl-crlpath=name  Certificate revocation list path.
  --tls-version=name  TLS version to use, permitted values are: TLSv1, TLSv1.1,
                      TLSv1.2
  --server-public-key-path=name 
                      File path to the server public RSA key in PEM format.
  --get-server-public-key 
                      Get server public key
  -t, --table         Output in table format.
  --tee=name          Append everything into outfile. See interactive help (\h)
                      also. Does not work in batch mode. Disable with
                      --disable-tee. This option is disabled by default.
  -u, --user=name     User for login if not current user.
  -U, --safe-updates  Only allow UPDATE and DELETE that uses keys.
  -U, --i-am-a-dummy  Synonym for option --safe-updates, -U.
  -v, --verbose       Write more. (-v -v -v gives the table output format).
  -V, --version       Output version information and exit.
  -w, --wait          Wait and retry if connection is down.
  --connect-timeout=# Number of seconds before connection timeout.
  --max-allowed-packet=# 
                      The maximum packet length to send to or receive from
                      server.
  --net-buffer-length=# 
                      The buffer size for TCP/IP and socket communication.
  --select-limit=#    Automatic limit for SELECT when using --safe-updates.
  --max-join-size=#   Automatic limit for rows in a join when using
                      --safe-updates.
  --secure-auth       Refuse client connecting to server if it uses old
                      (pre-4.1.1) protocol. Deprecated. Always TRUE
  --server-arg=name   Send embedded server this as a parameter.
  --show-warnings     Show warnings after every statement.
  -j, --syslog        Log filtered interactive commands to syslog. Filtering of
                      commands depends on the patterns supplied via histignore
                      option besides the default patterns.
  --plugin-dir=name   Directory for client-side plugins.
  --default-auth=name Default authentication client-side plugin to use.
  --binary-mode       By default, ASCII '\0' is disallowed and '\r\n' is
                      translated to '\n'. This switch turns off both features,
                      and also turns off parsing of all clientcommands except
                      \C and DELIMITER, in non-interactive mode (for input
                      piped to mysql or loaded using the 'source' command).
                      This is necessary when processing output from mysqlbinlog
                      that may contain blobs.
  --connect-expired-password 
                      Notify the server that this client is prepared to handle
                      expired password sandbox mode.

Default options are read from the following files in the given order:
/etc/opt/rh/rh-mysql57/my.cnf /etc/opt/rh/rh-mysql57/mysql/my.cnf ~/.my.cnf 
The following groups are read: mysql client
The following options may be given as the first argument:
--print-defaults        Print the program argument list and exit.
--no-defaults           Don't read default options from any option file,
                        except for login file.
--defaults-file=#       Only read default options from the given file #.
--defaults-extra-file=# Read this file after the global files are read.
--defaults-group-suffix=#
                        Also read groups with concat(group, suffix)
--login-path=#          Read this path from the login file.

Variables (--variable-name=value)
and boolean options {FALSE|TRUE}  Value (after reading options)
--------------------------------- ----------------------------------------
auto-rehash                       FALSE
auto-vertical-output              FALSE
bind-address                      (No default value)
binary-as-hex                     FALSE
character-sets-dir                (No default value)
column-type-info                  FALSE
comments                          FALSE
compress                          FALSE
database                          (No default value)
default-character-set             auto
delimiter                         ;
enable-cleartext-plugin           FALSE
vertical                          FALSE
force                             FALSE
histignore                        (No default value)
named-commands                    FALSE
ignore-spaces                     FALSE
init-command                      (No default value)
local-infile                      FALSE
no-beep                           FALSE
host                              workstation.lab.example.com
html                              FALSE
xml                               FALSE
line-numbers                      TRUE
unbuffered                        FALSE
column-names                      TRUE
sigint-ignore                     FALSE
port                              13306
prompt                            mysql> 
quick                             FALSE
raw                               FALSE
reconnect                         FALSE
socket                            (No default value)
ssl                               TRUE
ssl-verify-server-cert            FALSE
ssl-ca                            (No default value)
ssl-capath                        (No default value)
ssl-cert                          (No default value)
ssl-cipher                        (No default value)
ssl-key                           (No default value)
ssl-crl                           (No default value)
ssl-crlpath                       (No default value)
tls-version                       (No default value)
server-public-key-path            (No default value)
get-server-public-key             FALSE
table                             FALSE
user                              user1
safe-updates                      FALSE
i-am-a-dummy                      FALSE
connect-timeout                   0
max-allowed-packet                16777216
net-buffer-length                 16384
select-limit                      1000
max-join-size                     1000000
secure-auth                       TRUE
show-warnings                     FALSE
plugin-dir                        (No default value)
default-auth                      (No default value)
binary-mode                       FALSE
connect-expired-password          FALSE
exit status 1
[student@workstation DO180-apps]$ sudo podman exec -it mysql-2 /bin/bash -c 'mysql -uuser1 -pmypa55 -h workstation.lab.example.com -P13306 items -e "insert into Item (description,done) values ('Finished lab',1);"' 
lab,1);": -c: line 0: unexpected EOF while looking for matching `"'
lab,1);": -c: line 1: syntax error: unexpected end of file
exit status 1
[student@workstation DO180-apps]$ sudo podman exec mysql-2 /bin/bash -c 'mysql -uuser1 -pmypa55 -e "select * from items.Projects;"'
mysql: [Warning] Using a password on the command line interface can be insecure.
ERROR 1146 (42S02) at line 1: Table 'items.Projects' doesn't exist
exit status 1
[student@workstation DO180-apps]$ sudo podman exec  mysql-2 /bin/bash -c 'mysql -uuser1 -pmypa55 -h workstation.lab.example.com -P13306 items -e "insert into Item (description,done) values ('Finished lab',1);"' 
lab,1);": -c: line 0: unexpected EOF while looking for matching `"'
lab,1);": -c: line 1: syntax error: unexpected end of file
exit status 1
[student@workstation DO180-apps]$ sudo podman exec  mysql-2 /bin/bash -c 'mysql -uuser1 -pmypa55 -h workstation.lab.example.com -P13306 items -e "insert into Item (description,done) values ("Finished lab",1);"' 
mysql: [Warning] Using a password on the command line interface can be insecure.
mysql  Ver 14.14 Distrib 5.7.24, for Linux (x86_64) using  EditLine wrapper
Copyright (c) 2000, 2018, Oracle and/or its affiliates. All rights reserved.

Oracle is a registered trademark of Oracle Corporation and/or its
affiliates. Other names may be trademarks of their respective
owners.

Usage: mysql [OPTIONS] [database]
  -?, --help          Display this help and exit.
  -I, --help          Synonym for -?
  --auto-rehash       Enable automatic rehashing. One doesn't need to use
                      'rehash' to get table and field completion, but startup
                      and reconnecting may take a longer time. Disable with
                      --disable-auto-rehash.
                      (Defaults to on; use --skip-auto-rehash to disable.)
  -A, --no-auto-rehash 
                      No automatic rehashing. One has to use 'rehash' to get
                      table and field completion. This gives a quicker start of
                      mysql and disables rehashing on reconnect.
  --auto-vertical-output 
                      Automatically switch to vertical output mode if the
                      result is wider than the terminal width.
  -B, --batch         Don't use history file. Disable interactive behavior.
                      (Enables --silent.)
  --bind-address=name IP address to bind to.
  --binary-as-hex     Print binary data as hex
  --character-sets-dir=name 
                      Directory for character set files.
  --column-type-info  Display column type information.
  -c, --comments      Preserve comments. Send comments to the server. The
                      default is --skip-comments (discard comments), enable
                      with --comments.
  -C, --compress      Use compression in server/client protocol.
  -#, --debug[=#]     This is a non-debug version. Catch this and exit.
  --debug-check       This is a non-debug version. Catch this and exit.
  -T, --debug-info    This is a non-debug version. Catch this and exit.
  -D, --database=name Database to use.
  --default-character-set=name 
                      Set the default character set.
  --delimiter=name    Delimiter to be used.
  --enable-cleartext-plugin 
                      Enable/disable the clear text authentication plugin.
  -e, --execute=name  Execute command and quit. (Disables --force and history
                      file.)
  -E, --vertical      Print the output of a query (rows) vertically.
  -f, --force         Continue even if we get an SQL error.
  --histignore=name   A colon-separated list of patterns to keep statements
                      from getting logged into syslog and mysql history.
  -G, --named-commands 
                      Enable named commands. Named commands mean this program's
                      internal commands; see mysql> help . When enabled, the
                      named commands can be used from any line of the query,
                      otherwise only from the first line, before an enter.
                      Disable with --disable-named-commands. This option is
                      disabled by default.
  -i, --ignore-spaces Ignore space after function names.
  --init-command=name SQL Command to execute when connecting to MySQL server.
                      Will automatically be re-executed when reconnecting.
  --local-infile      Enable/disable LOAD DATA LOCAL INFILE.
  -b, --no-beep       Turn off beep on error.
  -h, --host=name     Connect to host.
  -H, --html          Produce HTML output.
  -X, --xml           Produce XML output.
  --line-numbers      Write line numbers for errors.
                      (Defaults to on; use --skip-line-numbers to disable.)
  -L, --skip-line-numbers 
                      Don't write line number for errors.
  -n, --unbuffered    Flush buffer after each query.
  --column-names      Write column names in results.
                      (Defaults to on; use --skip-column-names to disable.)
  -N, --skip-column-names 
                      Don't write column names in results.
  --sigint-ignore     Ignore SIGINT (CTRL-C).
  -o, --one-database  Ignore statements except those that occur while the
                      default database is the one named at the command line.
  --pager[=name]      Pager to use to display results. If you don't supply an
                      option, the default pager is taken from your ENV variable
                      PAGER. Valid pagers are less, more, cat [> filename],
                      etc. See interactive help (\h) also. This option does not
                      work in batch mode. Disable with --disable-pager. This
                      option is disabled by default.
  -p, --password[=name] 
                      Password to use when connecting to server. If password is
                      not given it's asked from the tty.
  -P, --port=#        Port number to use for connection or 0 for default to, in
                      order of preference, my.cnf, $MYSQL_TCP_PORT,
                      /etc/services, built-in default (3306).
  --prompt=name       Set the mysql prompt to this value.
  --protocol=name     The protocol to use for connection (tcp, socket, pipe,
                      memory).
  -q, --quick         Don't cache result, print it row by row. This may slow
                      down the server if the output is suspended. Doesn't use
                      history file.
  -r, --raw           Write fields without conversion. Used with --batch.
  --reconnect         Reconnect if the connection is lost. Disable with
                      --disable-reconnect. This option is enabled by default.
                      (Defaults to on; use --skip-reconnect to disable.)
  -s, --silent        Be more silent. Print results with a tab as separator,
                      each row on new line.
  -S, --socket=name   The socket file to use for connection.
  --ssl-mode=name     SSL connection mode.
  --ssl               Deprecated. Use --ssl-mode instead.
                      (Defaults to on; use --skip-ssl to disable.)
  --ssl-verify-server-cert 
                      Deprecated. Use --ssl-mode=VERIFY_IDENTITY instead.
  --ssl-ca=name       CA file in PEM format.
  --ssl-capath=name   CA directory.
  --ssl-cert=name     X509 cert in PEM format.
  --ssl-cipher=name   SSL cipher to use.
  --ssl-key=name      X509 key in PEM format.
  --ssl-crl=name      Certificate revocation list.
  --ssl-crlpath=name  Certificate revocation list path.
  --tls-version=name  TLS version to use, permitted values are: TLSv1, TLSv1.1,
                      TLSv1.2
  --server-public-key-path=name 
                      File path to the server public RSA key in PEM format.
  --get-server-public-key 
                      Get server public key
  -t, --table         Output in table format.
  --tee=name          Append everything into outfile. See interactive help (\h)
                      also. Does not work in batch mode. Disable with
                      --disable-tee. This option is disabled by default.
  -u, --user=name     User for login if not current user.
  -U, --safe-updates  Only allow UPDATE and DELETE that uses keys.
  -U, --i-am-a-dummy  Synonym for option --safe-updates, -U.
  -v, --verbose       Write more. (-v -v -v gives the table output format).
  -V, --version       Output version information and exit.
  -w, --wait          Wait and retry if connection is down.
  --connect-timeout=# Number of seconds before connection timeout.
  --max-allowed-packet=# 
                      The maximum packet length to send to or receive from
                      server.
  --net-buffer-length=# 
                      The buffer size for TCP/IP and socket communication.
  --select-limit=#    Automatic limit for SELECT when using --safe-updates.
  --max-join-size=#   Automatic limit for rows in a join when using
                      --safe-updates.
  --secure-auth       Refuse client connecting to server if it uses old
                      (pre-4.1.1) protocol. Deprecated. Always TRUE
  --server-arg=name   Send embedded server this as a parameter.
  --show-warnings     Show warnings after every statement.
  -j, --syslog        Log filtered interactive commands to syslog. Filtering of
                      commands depends on the patterns supplied via histignore
                      option besides the default patterns.
  --plugin-dir=name   Directory for client-side plugins.
  --default-auth=name Default authentication client-side plugin to use.
  --binary-mode       By default, ASCII '\0' is disallowed and '\r\n' is
                      translated to '\n'. This switch turns off both features,
                      and also turns off parsing of all clientcommands except
                      \C and DELIMITER, in non-interactive mode (for input
                      piped to mysql or loaded using the 'source' command).
                      This is necessary when processing output from mysqlbinlog
                      that may contain blobs.
  --connect-expired-password 
                      Notify the server that this client is prepared to handle
                      expired password sandbox mode.

Default options are read from the following files in the given order:
/etc/opt/rh/rh-mysql57/my.cnf /etc/opt/rh/rh-mysql57/mysql/my.cnf ~/.my.cnf 
The following groups are read: mysql client
The following options may be given as the first argument:
--print-defaults        Print the program argument list and exit.
--no-defaults           Don't read default options from any option file,
                        except for login file.
--defaults-file=#       Only read default options from the given file #.
--defaults-extra-file=# Read this file after the global files are read.
--defaults-group-suffix=#
                        Also read groups with concat(group, suffix)
--login-path=#          Read this path from the login file.

Variables (--variable-name=value)
and boolean options {FALSE|TRUE}  Value (after reading options)
--------------------------------- ----------------------------------------
auto-rehash                       FALSE
auto-vertical-output              FALSE
bind-address                      (No default value)
binary-as-hex                     FALSE
character-sets-dir                (No default value)
column-type-info                  FALSE
comments                          FALSE
compress                          FALSE
database                          (No default value)
default-character-set             auto
delimiter                         ;
enable-cleartext-plugin           FALSE
vertical                          FALSE
force                             FALSE
histignore                        (No default value)
named-commands                    FALSE
ignore-spaces                     FALSE
init-command                      (No default value)
local-infile                      FALSE
no-beep                           FALSE
host                              workstation.lab.example.com
html                              FALSE
xml                               FALSE
line-numbers                      TRUE
unbuffered                        FALSE
column-names                      TRUE
sigint-ignore                     FALSE
port                              13306
prompt                            mysql> 
quick                             FALSE
raw                               FALSE
reconnect                         FALSE
socket                            (No default value)
ssl                               TRUE
ssl-verify-server-cert            FALSE
ssl-ca                            (No default value)
ssl-capath                        (No default value)
ssl-cert                          (No default value)
ssl-cipher                        (No default value)
ssl-key                           (No default value)
ssl-crl                           (No default value)
ssl-crlpath                       (No default value)
tls-version                       (No default value)
server-public-key-path            (No default value)
get-server-public-key             FALSE
table                             FALSE
user                              user1
safe-updates                      FALSE
i-am-a-dummy                      FALSE
connect-timeout                   0
max-allowed-packet                16777216
net-buffer-length                 16384
select-limit                      1000
max-join-size                     1000000
secure-auth                       TRUE
show-warnings                     FALSE
plugin-dir                        (No default value)
default-auth                      (No default value)
binary-mode                       FALSE
connect-expired-password          FALSE
exit status 1
[student@workstation DO180-apps]$ sudo podman exec  mysql-2 /bin/bash -c 'mysql -uuser1 -pmypa55 -h workstation.lab.example.com -P13306 items -e "insert into items.Item (description,done) values ("Finished lab",1);"' 
mysql: [Warning] Using a password on the command line interface can be insecure.
mysql  Ver 14.14 Distrib 5.7.24, for Linux (x86_64) using  EditLine wrapper
Copyright (c) 2000, 2018, Oracle and/or its affiliates. All rights reserved.

Oracle is a registered trademark of Oracle Corporation and/or its
affiliates. Other names may be trademarks of their respective
owners.

Usage: mysql [OPTIONS] [database]
  -?, --help          Display this help and exit.
  -I, --help          Synonym for -?
  --auto-rehash       Enable automatic rehashing. One doesn't need to use
                      'rehash' to get table and field completion, but startup
                      and reconnecting may take a longer time. Disable with
                      --disable-auto-rehash.
                      (Defaults to on; use --skip-auto-rehash to disable.)
  -A, --no-auto-rehash 
                      No automatic rehashing. One has to use 'rehash' to get
                      table and field completion. This gives a quicker start of
                      mysql and disables rehashing on reconnect.
  --auto-vertical-output 
                      Automatically switch to vertical output mode if the
                      result is wider than the terminal width.
  -B, --batch         Don't use history file. Disable interactive behavior.
                      (Enables --silent.)
  --bind-address=name IP address to bind to.
  --binary-as-hex     Print binary data as hex
  --character-sets-dir=name 
                      Directory for character set files.
  --column-type-info  Display column type information.
  -c, --comments      Preserve comments. Send comments to the server. The
                      default is --skip-comments (discard comments), enable
                      with --comments.
  -C, --compress      Use compression in server/client protocol.
  -#, --debug[=#]     This is a non-debug version. Catch this and exit.
  --debug-check       This is a non-debug version. Catch this and exit.
  -T, --debug-info    This is a non-debug version. Catch this and exit.
  -D, --database=name Database to use.
  --default-character-set=name 
                      Set the default character set.
  --delimiter=name    Delimiter to be used.
  --enable-cleartext-plugin 
                      Enable/disable the clear text authentication plugin.
  -e, --execute=name  Execute command and quit. (Disables --force and history
                      file.)
  -E, --vertical      Print the output of a query (rows) vertically.
  -f, --force         Continue even if we get an SQL error.
  --histignore=name   A colon-separated list of patterns to keep statements
                      from getting logged into syslog and mysql history.
  -G, --named-commands 
                      Enable named commands. Named commands mean this program's
                      internal commands; see mysql> help . When enabled, the
                      named commands can be used from any line of the query,
                      otherwise only from the first line, before an enter.
                      Disable with --disable-named-commands. This option is
                      disabled by default.
  -i, --ignore-spaces Ignore space after function names.
  --init-command=name SQL Command to execute when connecting to MySQL server.
                      Will automatically be re-executed when reconnecting.
  --local-infile      Enable/disable LOAD DATA LOCAL INFILE.
  -b, --no-beep       Turn off beep on error.
  -h, --host=name     Connect to host.
  -H, --html          Produce HTML output.
  -X, --xml           Produce XML output.
  --line-numbers      Write line numbers for errors.
                      (Defaults to on; use --skip-line-numbers to disable.)
  -L, --skip-line-numbers 
                      Don't write line number for errors.
  -n, --unbuffered    Flush buffer after each query.
  --column-names      Write column names in results.
                      (Defaults to on; use --skip-column-names to disable.)
  -N, --skip-column-names 
                      Don't write column names in results.
  --sigint-ignore     Ignore SIGINT (CTRL-C).
  -o, --one-database  Ignore statements except those that occur while the
                      default database is the one named at the command line.
  --pager[=name]      Pager to use to display results. If you don't supply an
                      option, the default pager is taken from your ENV variable
                      PAGER. Valid pagers are less, more, cat [> filename],
                      etc. See interactive help (\h) also. This option does not
                      work in batch mode. Disable with --disable-pager. This
                      option is disabled by default.
  -p, --password[=name] 
                      Password to use when connecting to server. If password is
                      not given it's asked from the tty.
  -P, --port=#        Port number to use for connection or 0 for default to, in
                      order of preference, my.cnf, $MYSQL_TCP_PORT,
                      /etc/services, built-in default (3306).
  --prompt=name       Set the mysql prompt to this value.
  --protocol=name     The protocol to use for connection (tcp, socket, pipe,
                      memory).
  -q, --quick         Don't cache result, print it row by row. This may slow
                      down the server if the output is suspended. Doesn't use
                      history file.
  -r, --raw           Write fields without conversion. Used with --batch.
  --reconnect         Reconnect if the connection is lost. Disable with
                      --disable-reconnect. This option is enabled by default.
                      (Defaults to on; use --skip-reconnect to disable.)
  -s, --silent        Be more silent. Print results with a tab as separator,
                      each row on new line.
  -S, --socket=name   The socket file to use for connection.
  --ssl-mode=name     SSL connection mode.
  --ssl               Deprecated. Use --ssl-mode instead.
                      (Defaults to on; use --skip-ssl to disable.)
  --ssl-verify-server-cert 
                      Deprecated. Use --ssl-mode=VERIFY_IDENTITY instead.
  --ssl-ca=name       CA file in PEM format.
  --ssl-capath=name   CA directory.
  --ssl-cert=name     X509 cert in PEM format.
  --ssl-cipher=name   SSL cipher to use.
  --ssl-key=name      X509 key in PEM format.
  --ssl-crl=name      Certificate revocation list.
  --ssl-crlpath=name  Certificate revocation list path.
  --tls-version=name  TLS version to use, permitted values are: TLSv1, TLSv1.1,
                      TLSv1.2
  --server-public-key-path=name 
                      File path to the server public RSA key in PEM format.
  --get-server-public-key 
                      Get server public key
  -t, --table         Output in table format.
  --tee=name          Append everything into outfile. See interactive help (\h)
                      also. Does not work in batch mode. Disable with
                      --disable-tee. This option is disabled by default.
  -u, --user=name     User for login if not current user.
  -U, --safe-updates  Only allow UPDATE and DELETE that uses keys.
  -U, --i-am-a-dummy  Synonym for option --safe-updates, -U.
  -v, --verbose       Write more. (-v -v -v gives the table output format).
  -V, --version       Output version information and exit.
  -w, --wait          Wait and retry if connection is down.
  --connect-timeout=# Number of seconds before connection timeout.
  --max-allowed-packet=# 
                      The maximum packet length to send to or receive from
                      server.
  --net-buffer-length=# 
                      The buffer size for TCP/IP and socket communication.
  --select-limit=#    Automatic limit for SELECT when using --safe-updates.
  --max-join-size=#   Automatic limit for rows in a join when using
                      --safe-updates.
  --secure-auth       Refuse client connecting to server if it uses old
                      (pre-4.1.1) protocol. Deprecated. Always TRUE
  --server-arg=name   Send embedded server this as a parameter.
  --show-warnings     Show warnings after every statement.
  -j, --syslog        Log filtered interactive commands to syslog. Filtering of
                      commands depends on the patterns supplied via histignore
                      option besides the default patterns.
  --plugin-dir=name   Directory for client-side plugins.
  --default-auth=name Default authentication client-side plugin to use.
  --binary-mode       By default, ASCII '\0' is disallowed and '\r\n' is
                      translated to '\n'. This switch turns off both features,
                      and also turns off parsing of all clientcommands except
                      \C and DELIMITER, in non-interactive mode (for input
                      piped to mysql or loaded using the 'source' command).
                      This is necessary when processing output from mysqlbinlog
                      that may contain blobs.
  --connect-expired-password 
                      Notify the server that this client is prepared to handle
                      expired password sandbox mode.

Default options are read from the following files in the given order:
/etc/opt/rh/rh-mysql57/my.cnf /etc/opt/rh/rh-mysql57/mysql/my.cnf ~/.my.cnf 
The following groups are read: mysql client
The following options may be given as the first argument:
--print-defaults        Print the program argument list and exit.
--no-defaults           Don't read default options from any option file,
                        except for login file.
--defaults-file=#       Only read default options from the given file #.
--defaults-extra-file=# Read this file after the global files are read.
--defaults-group-suffix=#
                        Also read groups with concat(group, suffix)
--login-path=#          Read this path from the login file.

Variables (--variable-name=value)
and boolean options {FALSE|TRUE}  Value (after reading options)
--------------------------------- ----------------------------------------
auto-rehash                       FALSE
auto-vertical-output              FALSE
bind-address                      (No default value)
binary-as-hex                     FALSE
character-sets-dir                (No default value)
column-type-info                  FALSE
comments                          FALSE
compress                          FALSE
database                          (No default value)
default-character-set             auto
delimiter                         ;
enable-cleartext-plugin           FALSE
vertical                          FALSE
force                             FALSE
histignore                        (No default value)
named-commands                    FALSE
ignore-spaces                     FALSE
init-command                      (No default value)
local-infile                      FALSE
no-beep                           FALSE
host                              workstation.lab.example.com
html                              FALSE
xml                               FALSE
line-numbers                      TRUE
unbuffered                        FALSE
column-names                      TRUE
sigint-ignore                     FALSE
port                              13306
prompt                            mysql> 
quick                             FALSE
raw                               FALSE
reconnect                         FALSE
socket                            (No default value)
ssl                               TRUE
ssl-verify-server-cert            FALSE
ssl-ca                            (No default value)
ssl-capath                        (No default value)
ssl-cert                          (No default value)
ssl-cipher                        (No default value)
ssl-key                           (No default value)
ssl-crl                           (No default value)
ssl-crlpath                       (No default value)
tls-version                       (No default value)
server-public-key-path            (No default value)
get-server-public-key             FALSE
table                             FALSE
user                              user1
safe-updates                      FALSE
i-am-a-dummy                      FALSE
connect-timeout                   0
max-allowed-packet                16777216
net-buffer-length                 16384
select-limit                      1000
max-join-size                     1000000
secure-auth                       TRUE
show-warnings                     FALSE
plugin-dir                        (No default value)
default-auth                      (No default value)
binary-mode                       FALSE
connect-expired-password          FALSE
exit status 1
[student@workstation DO180-apps]$ sudo podman exec  mysql-2 /bin/bash -c 'mysql -uuser1 -pmypa55 -h workstation.lab.example.com -P13306 -e "insert into items.Item (description,done) values ("Finished lab",1);"' 
mysql: [Warning] Using a password on the command line interface can be insecure.
ERROR 1044 (42000): Access denied for user 'user1'@'%' to database 'lab,1);'
exit status 1
[student@workstation DO180-apps]$ sudo podman exec  mysql-2 /bin/bash -c 'mysql -uuser1 -pmypa55 -h workstation.lab.example.com -P13306 -e "insert into item^CItem (description,done) values ("Finished lab",1);"' 
[student@workstation DO180-apps]$ mysql -uuser1 -h workstation.lab.example.com -pmypa55 -P13306 items
Reading table information for completion of table and column names
You can turn off this feature to get a quicker startup with -A

Welcome to the MariaDB monitor.  Commands end with ; or \g.
Your MySQL connection id is 12
Server version: 5.7.24 MySQL Community Server (GPL)

Copyright (c) 2000, 2018, Oracle, MariaDB Corporation Ab and others.

Type 'help;' or '\h' for help. Type '\c' to clear the current input statement.

MySQL [items]> insert into items.Item (description,done) values ("Finished lab",1);
Query OK, 1 row affected (0.01 sec)

MySQL [items]> exit
Bye
[student@workstation DO180-apps]$ sudo podman rm mysql-1
b0c23adfd1f135878bbc1e6af04aa68c68fb52015587595f09f815d3f6645276
[student@workstation DO180-apps]$ lab manage-review grade 

Grading the student's work for the Lab: Managing Containers

 · Checking if the /var/local/mysql folder exists..............  PASS
 · Checking if owner was changed...............................  PASS
 · Checking if the container mysql-1 was created...............  FAIL
 · Checking if the mysql-2 container is running................  PASS
 · Checking tables for the 'Finished lab' row..................  PASS
[student@workstation DO180-apps]$ lab manage-review finish 

Completing the Lab: Managing Containers

 · Removing the /var/local/mysql folder........................  SUCCESS
 · Removing the fcontext for /var/local/mysql..................  SUCCESS
 · Stopping mysql-1 container..................................  SUCCESS
 · Removing mysql-1 container..................................  SUCCESS
 · Stopping mysql-2 container..................................  SUCCESS
 · Removing mysql-2 container..................................  SUCCESS
 · Removing MySQL container image..............................  SUCCESS
 · Removing temporary file.....................................  SUCCESS
[student@workstation DO180-apps]$ 

